<html>
<body>
<pre>
<h1>µVision Build Log</h1>
<h2>Tool Versions:</h2>
IDE-Version: µVision V5.16a
Copyright (C) 2015 ARM Ltd and ARM Germany GmbH. All rights reserved.
License Information: MANIANI Mohcine, INSSET, LIC=----
 
Tool Versions:
Toolchain:       MDK-Lite  Version: 5.16a
Toolchain Path:  C:\Keil_v5\ARM\ARMCC\Bin
C Compiler:      Armcc.exe V5.06 (build 20)
Assembler:       Armasm.exe V5.06 (build 20)
Linker/Locator:  ArmLink.exe V5.06 (build 20)
Library Manager: ArmAr.exe V5.06 (build 20)
Hex Converter:   FromElf.exe V5.06 (build 20)
CPU DLL:         SARMCM3.DLL V5.16a
Dialog DLL:      DCM.DLL V1.13.2.0
Target DLL:      CMSIS_AGDI.dll V1.21.20.0
Dialog DLL:      TCM.DLL V1.14.5.0
 
<h2>Project:</h2>
C:\Users\Etudiant\Desktop\freertos_blinky\freertos_blinky.uvprojx
Project File Date:  12/01/2015

<h2>Output:</h2>
*** Using Compiler 'V5.06 (build 20)', folder: 'C:\Keil_v5\ARM\ARMCC\Bin'
Rebuild target 'iflash_nxp_lpcxpresso_1549'
assembling keil_freertos_startup_lpc15xx.s...
compiling sysinit.c...
compiling list.c...
compiling queue.c...
compiling timers.c...
compiling heap_3.c...
compiling freertos_blinky.c...
Example\freertos_blinky.c(261): warning:  #177-D: variable "lastState" was declared but never referenced
  	int lastState = 0;
Example\freertos_blinky.c(199): warning:  #177-D: function "vLEDTask1" was declared but never referenced
  static void vLEDTask1(void *pvParameters) {
Example\freertos_blinky.c(214): warning:  #177-D: function "vLEDTask2" was declared but never referenced
  static void vLEDTask2(void *pvParameters) {
Example\freertos_blinky.c: 3 warnings, 0 errors
compiling tasks.c...
compiling ring_buffer.c...
compiling port.c...
compiling FreeRTOSCommonHooks.c...
compiling adc_15xx.c...
compiling event_groups.c...
compiling clock_15xx.c...
compiling crc_15xx.c...
compiling sysctl_15xx.c...
compiling iocon_15xx.c...
compiling chip_15xx.c...
compiling gpio_15xx.c...
compiling swm_15xx.c...
compiling pmu_15xx.c...
compiling sysinit_15xx.c...
compiling uart_15xx.c...
compiling rtc_15xx.c...
compiling wwdt_15xx.c...
compiling dma_15xx.c...
compiling stopwatch_15xx.c...
compiling ritimer_15xx.c...
compiling iap.c...
compiling eeprom.c...
compiling acmp_15xx.c...
compiling dac_15xx.c...
compiling i2c_common_15xx.c...
compiling spi_15xx.c...
compiling sct_15xx.c...
compiling i2cs_15xx.c...
compiling i2cm_15xx.c...
compiling sct_pwm_15xx.c...
compiling board_sysinit.c...
compiling board.c...
linking...
Program Size: Code=5928 RO-data=440 RW-data=84 ZI-data=6516  
FromELF: creating hex file...
After Build - User command #1: C:\Keil_v5\\ARM\BIN\ELFDWT.EXE .\keil_output\iflash_nxp_lpcxpresso_1549\freertos_blinky.axf BASEADDRESS(0x00000000)
ELFDWT - Signature Creator V1.1.0.0
COPYRIGHT Keil - An ARM Company, Copyright (C) 2014
*** Updated Signature over Range[32] (0x00000000 - 0x00000018): @0x0000001C = 0xFDFFDF3F
*** Processing completed, no Errors.
".\keil_output\iflash_nxp_lpcxpresso_1549\freertos_blinky.axf" - 0 Error(s), 3 Warning(s).

<h2>Software Packages used:</h2>

Package Vendor: ARM
                http://www.keil.com/pack/ARM.CMSIS.4.4.0.pack
                ARM::CMSIS:CORE:4.2.0
                CMSIS (Cortex Microcontroller Software Interface Standard)
   * Component: CORE Version: 4.2.0

<h2>Collection of Component include folders:</h2>
  C:\Users\Etudiant\Desktop\freertos_blinky\RTE
  C:\Keil_v5\ARM\PACK\ARM\CMSIS\4.4.0\CMSIS\Include
  C:\Keil_v5\ARM\PACK\Keil\LPC1500_DFP\1.0.0\Device\Include

<h2>Collection of Component Files used:</h2>

   * Component: ARM::CMSIS:CORE:4.2.0
Build Time Elapsed:  00:00:03
</pre>
</body>
</html>
