Component: ARM Compiler 5.06 (build 20) Tool: armlink [4d35a3]

==============================================================================

Section Cross References

    freertos_blinky.o(i.I2C0_IRQHandler) refers to i2cm_15xx.o(i.Chip_I2CM_XferHandler) for Chip_I2CM_XferHandler
    freertos_blinky.o(i.I2C0_IRQHandler) refers to freertos_blinky.o(.bss) for .bss
    freertos_blinky.o(i.main) refers to freertos_blinky.o(i.prvSetupHardware) for prvSetupHardware
    freertos_blinky.o(i.main) refers to tasks.o(i.xTaskGenericCreate) for xTaskGenericCreate
    freertos_blinky.o(i.main) refers to tasks.o(i.vTaskStartScheduler) for vTaskStartScheduler
    freertos_blinky.o(i.main) refers to freertos_blinky.o(.data) for .data
    freertos_blinky.o(i.main) refers to freertos_blinky.o(i.vReadTemperatureI2CM) for vReadTemperatureI2CM
    freertos_blinky.o(i.prvSetupHardware) refers to chip_15xx.o(i.SystemCoreClockUpdate) for SystemCoreClockUpdate
    freertos_blinky.o(i.prvSetupHardware) refers to board.o(i.Board_Init) for Board_Init
    freertos_blinky.o(i.prvSetupHardware) refers to board.o(i.Board_LED_Set) for Board_LED_Set
    freertos_blinky.o(i.prvSetupHardware) refers to swm_15xx.o(i.Chip_SWM_EnableFixedPin) for Chip_SWM_EnableFixedPin
    freertos_blinky.o(i.prvSetupHardware) refers to i2c_common_15xx.o(i.Chip_I2C_Init) for Chip_I2C_Init
    freertos_blinky.o(i.prvSetupHardware) refers to i2cm_15xx.o(i.Chip_I2CM_SetBusSpeed) for Chip_I2CM_SetBusSpeed
    freertos_blinky.o(i.prvSetupHardware) refers to chip_15xx.o(.data) for SystemCoreClock
    freertos_blinky.o(i.vReadTemperatureI2CM) refers to _printf_percent.o(.ARM.Collect$$_printf_percent$$00000000) for _printf_percent
    freertos_blinky.o(i.vReadTemperatureI2CM) refers to _printf_d.o(.ARM.Collect$$_printf_percent$$00000009) for _printf_d
    freertos_blinky.o(i.vReadTemperatureI2CM) refers to _printf_dec.o(.text) for _printf_int_dec
    freertos_blinky.o(i.vReadTemperatureI2CM) refers to i2cm_15xx.o(i.Chip_I2CM_Xfer) for Chip_I2CM_Xfer
    freertos_blinky.o(i.vReadTemperatureI2CM) refers to noretval__2printf.o(.text) for __2printf
    freertos_blinky.o(i.vReadTemperatureI2CM) refers to board.o(i.Board_LED_Set) for Board_LED_Set
    freertos_blinky.o(i.vReadTemperatureI2CM) refers to freertos_blinky.o(.bss) for .bss
    keil_freertos_startup_lpc15xx.o(STACK) refers (Special) to heapauxi.o(.text) for __use_two_region_memory
    keil_freertos_startup_lpc15xx.o(HEAP) refers (Special) to heapauxi.o(.text) for __use_two_region_memory
    keil_freertos_startup_lpc15xx.o(RESET) refers (Special) to heapauxi.o(.text) for __use_two_region_memory
    keil_freertos_startup_lpc15xx.o(RESET) refers to keil_freertos_startup_lpc15xx.o(STACK) for __initial_sp
    keil_freertos_startup_lpc15xx.o(RESET) refers to keil_freertos_startup_lpc15xx.o(.text) for Reset_Handler
    keil_freertos_startup_lpc15xx.o(RESET) refers to port.o(.emb_text) for SVC_Handler
    keil_freertos_startup_lpc15xx.o(RESET) refers to port.o(i.SysTick_Handler) for SysTick_Handler
    keil_freertos_startup_lpc15xx.o(RESET) refers to freertos_blinky.o(i.I2C0_IRQHandler) for I2C0_IRQHandler
    keil_freertos_startup_lpc15xx.o(.text) refers (Special) to heapauxi.o(.text) for __use_two_region_memory
    keil_freertos_startup_lpc15xx.o(.text) refers to sysinit.o(i.SystemInit) for SystemInit
    keil_freertos_startup_lpc15xx.o(.text) refers to __main.o(!!!main) for __main
    keil_freertos_startup_lpc15xx.o(.text) refers to keil_freertos_startup_lpc15xx.o(HEAP) for Heap_Mem
    keil_freertos_startup_lpc15xx.o(.text) refers to keil_freertos_startup_lpc15xx.o(STACK) for Stack_Mem
    sysinit.o(i.SystemInit) refers to board_sysinit.o(i.Board_SystemInit) for Board_SystemInit
    queue.o(i.prvCopyDataFromQueue) refers to rt_memcpy_v6.o(.text) for __aeabi_memcpy
    queue.o(i.prvCopyDataToQueue) refers to rt_memcpy_v6.o(.text) for __aeabi_memcpy
    queue.o(i.prvCopyDataToQueue) refers to tasks.o(i.xTaskPriorityDisinherit) for xTaskPriorityDisinherit
    queue.o(i.prvUnlockQueue) refers to port.o(i.vPortEnterCritical) for vPortEnterCritical
    queue.o(i.prvUnlockQueue) refers to tasks.o(i.xTaskRemoveFromEventList) for xTaskRemoveFromEventList
    queue.o(i.prvUnlockQueue) refers to tasks.o(i.vTaskMissedYield) for vTaskMissedYield
    queue.o(i.prvUnlockQueue) refers to port.o(i.vPortExitCritical) for vPortExitCritical
    queue.o(i.uxQueueMessagesWaiting) refers to port.o(i.vPortEnterCritical) for vPortEnterCritical
    queue.o(i.uxQueueMessagesWaiting) refers to port.o(i.vPortExitCritical) for vPortExitCritical
    queue.o(i.uxQueueSpacesAvailable) refers to port.o(i.vPortEnterCritical) for vPortEnterCritical
    queue.o(i.uxQueueSpacesAvailable) refers to port.o(i.vPortExitCritical) for vPortExitCritical
    queue.o(i.vQueueAddToRegistry) refers to queue.o(.bss) for .bss
    queue.o(i.vQueueDelete) refers to queue.o(i.vQueueUnregisterQueue) for vQueueUnregisterQueue
[...]
    ../clib/angel/kernel.s                   0x00000000   Number         0  rtexit.o ABSOLUTE
    ../clib/angel/kernel.s                   0x00000000   Number         0  __rtentry2.o ABSOLUTE
    ../clib/angel/kernel.s                   0x00000000   Number         0  __rtentry4.o ABSOLUTE
    ../clib/angel/rt.s                       0x00000000   Number         0  rt_heap_descriptor_intlibspace.o ABSOLUTE
    ../clib/angel/rt.s                       0x00000000   Number         0  rt_heap_descriptor.o ABSOLUTE
    ../clib/angel/rt.s                       0x00000000   Number         0  aeabi_ldiv0_sigfpe.o ABSOLUTE
    ../clib/angel/rt.s                       0x00000000   Number         0  aeabi_ldiv0.o ABSOLUTE
    ../clib/angel/rt.s                       0x00000000   Number         0  rt_raise.o ABSOLUTE
    ../clib/angel/rt.s                       0x00000000   Number         0  rt_div0.o ABSOLUTE
    ../clib/angel/scatter.s                  0x00000000   Number         0  __scatter.o ABSOLUTE
    ../clib/angel/startup.s                  0x00000000   Number         0  __main.o ABSOLUTE
    ../clib/angel/sys.s                      0x00000000   Number         0  libspace.o ABSOLUTE
    ../clib/angel/sys.s                      0x00000000   Number         0  indicate_semi.o ABSOLUTE
    ../clib/angel/sys.s                      0x00000000   Number         0  sys_stackheap_outer.o ABSOLUTE
    ../clib/angel/sys.s                      0x00000000   Number         0  mutex_dummy.o ABSOLUTE
    ../clib/angel/sys.s                      0x00000000   Number         0  use_no_semi.o ABSOLUTE
    ../clib/angel/sysapp.c                   0x00000000   Number         0  sys_command.o ABSOLUTE
    ../clib/angel/sysapp.c                   0x00000000   Number         0  sys_wrch.o ABSOLUTE
    ../clib/armsys.c                         0x00000000   Number         0  _get_argv_nomalloc.o ABSOLUTE
    ../clib/armsys.c                         0x00000000   Number         0  no_argv.o ABSOLUTE
    ../clib/armsys.c                         0x00000000   Number         0  argv_veneer.o ABSOLUTE
    ../clib/armsys.c                         0x00000000   Number         0  argv_veneer.o ABSOLUTE
    ../clib/armsys.c                         0x00000000   Number         0  _get_argv.o ABSOLUTE
    ../clib/heap1.c                          0x00000000   Number         0  h1_final_mt.o ABSOLUTE
    ../clib/heap1.c                          0x00000000   Number         0  h1_init.o ABSOLUTE
    ../clib/heap1.c                          0x00000000   Number         0  h1_final.o ABSOLUTE
    ../clib/heap1.c                          0x00000000   Number         0  h1_free_mt.o ABSOLUTE
    ../clib/heap1.c                          0x00000000   Number         0  h1_alloc.o ABSOLUTE
    ../clib/heap1.c                          0x00000000   Number         0  h1_free.o ABSOLUTE
    ../clib/heap1.c                          0x00000000   Number         0  h1_extend_mt.o ABSOLUTE
    ../clib/heap1.c                          0x00000000   Number         0  h1_extend.o ABSOLUTE
    ../clib/heap1.c                          0x00000000   Number         0  h1_alloc_mt.o ABSOLUTE
    ../clib/heap1.c                          0x00000000   Number         0  h1_init_mt.o ABSOLUTE
    ../clib/heap2.c                          0x00000000   Number         0  heap2.o ABSOLUTE
    ../clib/heap2.c                          0x00000000   Number         0  heap2mt.o ABSOLUTE
    ../clib/heap2.c                          0x00000000   Number         0  fdtree.o ABSOLUTE
    ../clib/heapalloc.c                      0x00000000   Number         0  hguard.o ABSOLUTE
    ../clib/heapalloc.c                      0x00000000   Number         0  malloc.o ABSOLUTE
    ../clib/heapalloc.c                      0x00000000   Number         0  heapstubs.o ABSOLUTE
    ../clib/heapalloc.c                      0x00000000   Number         0  init_alloc.o ABSOLUTE
    ../clib/heapalloc.c                      0x00000000   Number         0  free.o ABSOLUTE
    ../clib/heapalloc.c                      0x00000000   Number         0  term_alloc.o ABSOLUTE
    ../clib/heapalloc.c                      0x00000000   Number         0  maybetermalloc2.o ABSOLUTE
    ../clib/heapalloc.c                      0x00000000   Number         0  maybetermalloc2.o ABSOLUTE
    ../clib/heapalloc.c                      0x00000000   Number         0  maybetermalloc1.o ABSOLUTE
    ../clib/heapalloc.c                      0x00000000   Number         0  maybetermalloc1.o ABSOLUTE
    ../clib/heapalloc.c                      0x00000000   Number         0  hrguard.o ABSOLUTE
    ../clib/heapaux.c                        0x00000000   Number         0  heapauxa.o ABSOLUTE
    ../clib/heapaux.c                        0x00000000   Number         0  heapauxi.o ABSOLUTE
    ../clib/libinit.s                        0x00000000   Number         0  libshutdown.o ABSOLUTE
    ../clib/libinit.s                        0x00000000   Number         0  libinit2.o ABSOLUTE
    ../clib/libinit.s                        0x00000000   Number         0  libinit.o ABSOLUTE
    ../clib/libinit.s                        0x00000000   Number         0  libshutdown2.o ABSOLUTE
    ../clib/longlong.s                       0x00000000   Number         0  lludivv7m.o ABSOLUTE
    ../clib/memcpset.s                       0x00000000   Number         0  rt_memclr_w.o ABSOLUTE
    ../clib/memcpset.s                       0x00000000   Number         0  rt_memcpy_v6.o ABSOLUTE
    ../clib/memcpset.s                       0x00000000   Number         0  rt_memcpy_w.o ABSOLUTE
    ../clib/memcpset.s                       0x00000000   Number         0  rt_memclr.o ABSOLUTE
    ../clib/memcpset.s                       0x00000000   Number         0  aeabi_memset.o ABSOLUTE
    ../clib/printf.c                         0x00000000   Number         0  __printf_wp.o ABSOLUTE
    ../clib/printf.c                         0x00000000   Number         0  noretval__2printf.o ABSOLUTE
    ../clib/printf.c                         0x00000000   Number         0  __2printf.o ABSOLUTE
    ../clib/printf.c                         0x00000000   Number         0  __printf_flags_wp.o ABSOLUTE
    ../clib/printf.c                         0x00000000   Number         0  __printf_ss_wp.o ABSOLUTE
    ../clib/printf.c                         0x00000000   Number         0  _printf_intcommon.o ABSOLUTE
    ../clib/printf.c                         0x00000000   Number         0  __printf_flags_ss_wp.o ABSOLUTE
    ../clib/printf.c                         0x00000000   Number         0  _printf_char.o ABSOLUTE
    ../clib/printf.c                         0x00000000   Number         0  __printf_flags_ss.o ABSOLUTE
    ../clib/printf.c                         0x00000000   Number         0  __printf_ss.o ABSOLUTE
    ../clib/printf.c                         0x00000000   Number         0  __printf_nopercent.o ABSOLUTE
    ../clib/printf.c                         0x00000000   Number         0  __printf_flags.o ABSOLUTE
    ../clib/printf.c                         0x00000000   Number         0  _printf_char_file.o ABSOLUTE
    ../clib/printf.c                         0x00000000   Number         0  _printf_str.o ABSOLUTE
    ../clib/printf.c                         0x00000000   Number         0  _printf_char_common.o ABSOLUTE
    ../clib/printf.c                         0x00000000   Number         0  _printf_dec.o ABSOLUTE
    ../clib/printf.c                         0x00000000   Number         0  __printf.o ABSOLUTE
    ../clib/printf_percent.s                 0x00000000   Number         0  _printf_percent.o ABSOLUTE
    ../clib/printf_percent.s                 0x00000000   Number         0  _printf_percent_end.o ABSOLUTE
    ../clib/printf_percent.s                 0x00000000   Number         0  _printf_d.o ABSOLUTE
    ../clib/printf_percent.s                 0x00000000   Number         0  _printf_s.o ABSOLUTE
    ../clib/signal.c                         0x00000000   Number         0  defsig_pvfn_inner.o ABSOLUTE
    ../clib/signal.c                         0x00000000   Number         0  defsig_stak_inner.o ABSOLUTE
    ../clib/signal.c                         0x00000000   Number         0  defsig_rtmem_formal.o ABSOLUTE
    ../clib/signal.c                         0x00000000   Number         0  defsig_rtmem_inner.o ABSOLUTE
    ../clib/signal.c                         0x00000000   Number         0  defsig_fpe_outer.o ABSOLUTE
    ../clib/signal.c                         0x00000000   Number         0  defsig_rtmem_outer.o ABSOLUTE
    ../clib/signal.c                         0x00000000   Number         0  defsig_cppl_inner.o ABSOLUTE
    ../clib/signal.c                         0x00000000   Number         0  defsig_exit.o ABSOLUTE
    ../clib/signal.c                         0x00000000   Number         0  defsig_segv_inner.o ABSOLUTE
    ../clib/signal.c                         0x00000000   Number         0  defsig_fpe_formal.o ABSOLUTE
    ../clib/signal.c                         0x00000000   Number         0  __raise.o ABSOLUTE
    ../clib/signal.c                         0x00000000   Number         0  defsig_other.o ABSOLUTE
    ../clib/signal.c                         0x00000000   Number         0  defsig_general.o ABSOLUTE
    ../clib/signal.c                         0x00000000   Number         0  defsig_fpe_inner.o ABSOLUTE
    ../clib/signal.c                         0x00000000   Number         0  defsig_abrt_inner.o ABSOLUTE
    ../clib/signal.c                         0x00000000   Number         0  defsig_rtred_inner.o ABSOLUTE
    ../clib/signal.s                         0x00000000   Number         0  defsig.o ABSOLUTE
    ../clib/stdlib.c                         0x00000000   Number         0  exit.o ABSOLUTE
    ../fplib/fpinit.s                        0x00000000   Number         0  fpinit.o ABSOLUTE
    Example\\freertos_blinky.c               0x00000000   Number         0  freertos_blinky.o ABSOLUTE
    Example\\sysinit.c                       0x00000000   Number         0  sysinit.o ABSOLUTE
    Example\freertos_blinky.c                0x00000000   Number         0  freertos_blinky.o ABSOLUTE
    Example\keil_freertos_startup_lpc15xx.s  0x00000000   Number         0  keil_freertos_startup_lpc15xx.o ABSOLUTE
    Example\sysinit.c                        0x00000000   Number         0  sysinit.o ABSOLUTE
    dc.s                                     0x00000000   Number         0  dc.o ABSOLUTE
    freeRTOS\FreeRTOSCommonHooks.c           0x00000000   Number         0  freertoscommonhooks.o ABSOLUTE
    freeRTOS\\FreeRTOSCommonHooks.c          0x00000000   Number         0  freertoscommonhooks.o ABSOLUTE
    freeRTOS\\event_groups.c                 0x00000000   Number         0  event_groups.o ABSOLUTE
    freeRTOS\\list.c                         0x00000000   Number         0  list.o ABSOLUTE
    freeRTOS\\portable\\MemMang\\heap_3.c    0x00000000   Number         0  heap_3.o ABSOLUTE
    freeRTOS\\portable\\RVDS\\ARM_CM3\\port.c 0x00000000   Number         0  port.o ABSOLUTE
    freeRTOS\\queue.c                        0x00000000   Number         0  queue.o ABSOLUTE
    freeRTOS\\tasks.c                        0x00000000   Number         0  tasks.o ABSOLUTE
    freeRTOS\\timers.c                       0x00000000   Number         0  timers.o ABSOLUTE
    freeRTOS\event_groups.c                  0x00000000   Number         0  event_groups.o ABSOLUTE
    freeRTOS\list.c                          0x00000000   Number         0  list.o ABSOLUTE
    freeRTOS\portable\MemMang\heap_3.c       0x00000000   Number         0  heap_3.o ABSOLUTE
    freeRTOS\portable\RVDS\ARM_CM3\port.c    0x00000000   Number         0  port.o ABSOLUTE
    freeRTOS\queue.c                         0x00000000   Number         0  queue.o ABSOLUTE
    freeRTOS\tasks.c                         0x00000000   Number         0  tasks.o ABSOLUTE
    freeRTOS\timers.c                        0x00000000   Number         0  timers.o ABSOLUTE
    lpc_core\\lpc_board\\boards_15xx\\nxp_lpcxpresso_1549\\board.c 0x00000000   Number         0  board.o ABSOLUTE
    lpc_core\\lpc_board\\boards_15xx\\nxp_lpcxpresso_1549\\board_sysinit.c 0x00000000   Number         0  board_sysinit.o ABSOLUTE
    lpc_core\\lpc_chip\\chip_15xx\\acmp_15xx.c 0x00000000   Number         0  acmp_15xx.o ABSOLUTE
    lpc_core\\lpc_chip\\chip_15xx\\adc_15xx.c 0x00000000   Number         0  adc_15xx.o ABSOLUTE
    lpc_core\\lpc_chip\\chip_15xx\\chip_15xx.c 0x00000000   Number         0  chip_15xx.o ABSOLUTE
    lpc_core\\lpc_chip\\chip_15xx\\clock_15xx.c 0x00000000   Number         0  clock_15xx.o ABSOLUTE
    lpc_core\\lpc_chip\\chip_15xx\\crc_15xx.c 0x00000000   Number         0  crc_15xx.o ABSOLUTE
    lpc_core\\lpc_chip\\chip_15xx\\dac_15xx.c 0x00000000   Number         0  dac_15xx.o ABSOLUTE
    lpc_core\\lpc_chip\\chip_15xx\\dma_15xx.c 0x00000000   Number         0  dma_15xx.o ABSOLUTE
    lpc_core\\lpc_chip\\chip_15xx\\gpio_15xx.c 0x00000000   Number         0  gpio_15xx.o ABSOLUTE
    lpc_core\\lpc_chip\\chip_15xx\\i2c_common_15xx.c 0x00000000   Number         0  i2c_common_15xx.o ABSOLUTE
    lpc_core\\lpc_chip\\chip_15xx\\i2cm_15xx.c 0x00000000   Number         0  i2cm_15xx.o ABSOLUTE
    lpc_core\\lpc_chip\\chip_15xx\\i2cs_15xx.c 0x00000000   Number         0  i2cs_15xx.o ABSOLUTE
    lpc_core\\lpc_chip\\chip_15xx\\iocon_15xx.c 0x00000000   Number         0  iocon_15xx.o ABSOLUTE
    lpc_core\\lpc_chip\\chip_15xx\\pmu_15xx.c 0x00000000   Number         0  pmu_15xx.o ABSOLUTE
    lpc_core\\lpc_chip\\chip_15xx\\ritimer_15xx.c 0x00000000   Number         0  ritimer_15xx.o ABSOLUTE
    lpc_core\\lpc_chip\\chip_15xx\\rtc_15xx.c 0x00000000   Number         0  rtc_15xx.o ABSOLUTE
    lpc_core\\lpc_chip\\chip_15xx\\sct_15xx.c 0x00000000   Number         0  sct_15xx.o ABSOLUTE
    lpc_core\\lpc_chip\\chip_15xx\\sct_pwm_15xx.c 0x00000000   Number         0  sct_pwm_15xx.o ABSOLUTE
    lpc_core\\lpc_chip\\chip_15xx\\spi_15xx.c 0x00000000   Number         0  spi_15xx.o ABSOLUTE
    lpc_core\\lpc_chip\\chip_15xx\\stopwatch_15xx.c 0x00000000   Number         0  stopwatch_15xx.o ABSOLUTE
    lpc_core\\lpc_chip\\chip_15xx\\swm_15xx.c 0x00000000   Number         0  swm_15xx.o ABSOLUTE
    lpc_core\\lpc_chip\\chip_15xx\\sysctl_15xx.c 0x00000000   Number         0  sysctl_15xx.o ABSOLUTE
    lpc_core\\lpc_chip\\chip_15xx\\sysinit_15xx.c 0x00000000   Number         0  sysinit_15xx.o ABSOLUTE
    lpc_core\\lpc_chip\\chip_15xx\\uart_15xx.c 0x00000000   Number         0  uart_15xx.o ABSOLUTE
    lpc_core\\lpc_chip\\chip_15xx\\wwdt_15xx.c 0x00000000   Number         0  wwdt_15xx.o ABSOLUTE
    lpc_core\\lpc_chip\\chip_common\\eeprom.c 0x00000000   Number         0  eeprom.o ABSOLUTE
    lpc_core\\lpc_chip\\chip_common\\iap.c   0x00000000   Number         0  iap.o ABSOLUTE
    lpc_core\lpc_board\boards_15xx\nxp_lpcxpresso_1549\board.c 0x00000000   Number         0  board.o ABSOLUTE
    lpc_core\lpc_board\boards_15xx\nxp_lpcxpresso_1549\board_sysinit.c 0x00000000   Number         0  board_sysinit.o ABSOLUTE
    lpc_core\lpc_chip\chip_15xx\acmp_15xx.c  0x00000000   Number         0  acmp_15xx.o ABSOLUTE
    lpc_core\lpc_chip\chip_15xx\adc_15xx.c   0x00000000   Number         0  adc_15xx.o ABSOLUTE
    lpc_core\lpc_chip\chip_15xx\chip_15xx.c  0x00000000   Number         0  chip_15xx.o ABSOLUTE
    lpc_core\lpc_chip\chip_15xx\clock_15xx.c 0x00000000   Number         0  clock_15xx.o ABSOLUTE
    lpc_core\lpc_chip\chip_15xx\crc_15xx.c   0x00000000   Number         0  crc_15xx.o ABSOLUTE
    lpc_core\lpc_chip\chip_15xx\dac_15xx.c   0x00000000   Number         0  dac_15xx.o ABSOLUTE
    lpc_core\lpc_chip\chip_15xx\dma_15xx.c   0x00000000   Number         0  dma_15xx.o ABSOLUTE
    lpc_core\lpc_chip\chip_15xx\gpio_15xx.c  0x00000000   Number         0  gpio_15xx.o ABSOLUTE
    lpc_core\lpc_chip\chip_15xx\i2c_common_15xx.c 0x00000000   Number         0  i2c_common_15xx.o ABSOLUTE
    lpc_core\lpc_chip\chip_15xx\i2cm_15xx.c  0x00000000   Number         0  i2cm_15xx.o ABSOLUTE
    lpc_core\lpc_chip\chip_15xx\i2cs_15xx.c  0x00000000   Number         0  i2cs_15xx.o ABSOLUTE
    lpc_core\lpc_chip\chip_15xx\iocon_15xx.c 0x00000000   Number         0  iocon_15xx.o ABSOLUTE
    lpc_core\lpc_chip\chip_15xx\pmu_15xx.c   0x00000000   Number         0  pmu_15xx.o ABSOLUTE
    lpc_core\lpc_chip\chip_15xx\ritimer_15xx.c 0x00000000   Number         0  ritimer_15xx.o ABSOLUTE
    lpc_core\lpc_chip\chip_15xx\rtc_15xx.c   0x00000000   Number         0  rtc_15xx.o ABSOLUTE
    lpc_core\lpc_chip\chip_15xx\sct_15xx.c   0x00000000   Number         0  sct_15xx.o ABSOLUTE
    lpc_core\lpc_chip\chip_15xx\sct_pwm_15xx.c 0x00000000   Number         0  sct_pwm_15xx.o ABSOLUTE
    lpc_core\lpc_chip\chip_15xx\spi_15xx.c   0x00000000   Number         0  spi_15xx.o ABSOLUTE
    lpc_core\lpc_chip\chip_15xx\stopwatch_15xx.c 0x00000000   Number         0  stopwatch_15xx.o ABSOLUTE
    lpc_core\lpc_chip\chip_15xx\swm_15xx.c   0x00000000   Number         0  swm_15xx.o ABSOLUTE
    lpc_core\lpc_chip\chip_15xx\sysctl_15xx.c 0x00000000   Number         0  sysctl_15xx.o ABSOLUTE
    lpc_core\lpc_chip\chip_15xx\sysinit_15xx.c 0x00000000   Number         0  sysinit_15xx.o ABSOLUTE
    lpc_core\lpc_chip\chip_15xx\uart_15xx.c  0x00000000   Number         0  uart_15xx.o ABSOLUTE
    lpc_core\lpc_chip\chip_15xx\wwdt_15xx.c  0x00000000   Number         0  wwdt_15xx.o ABSOLUTE
    lpc_core\lpc_chip\chip_common\eeprom.c   0x00000000   Number         0  eeprom.o ABSOLUTE
    lpc_core\lpc_chip\chip_common\iap.c      0x00000000   Number         0  iap.o ABSOLUTE
    lpc_core\lpc_chip\chip_common\ring_buffer.c 0x00000000   Number         0  ring_buffer.o ABSOLUTE
    !!!main                                  0x000000fc   Section        8  __main.o(!!!main)
    !!!scatter                               0x00000104   Section       52  __scatter.o(!!!scatter)
    !!handler_copy                           0x00000138   Section       26  __scatter_copy.o(!!handler_copy)
    !!handler_zi                             0x00000154   Section       28  __scatter_zi.o(!!handler_zi)
    .ARM.Collect$$_printf_percent$$00000000  0x00000170   Section        0  _printf_percent.o(.ARM.Collect$$_printf_percent$$00000000)
    .ARM.Collect$$_printf_percent$$00000009  0x00000170   Section        6  _printf_d.o(.ARM.Collect$$_printf_percent$$00000009)
    .ARM.Collect$$_printf_percent$$00000017  0x00000176   Section        4  _printf_percent_end.o(.ARM.Collect$$_printf_percent$$00000017)
    .ARM.Collect$$libinit$$00000000          0x0000017a   Section        2  libinit.o(.ARM.Collect$$libinit$$00000000)
    .ARM.Collect$$libinit$$00000002          0x0000017c   Section        0  libinit2.o(.ARM.Collect$$libinit$$00000002)
    .ARM.Collect$$libinit$$00000004          0x0000017c   Section        0  libinit2.o(.ARM.Collect$$libinit$$00000004)
    .ARM.Collect$$libinit$$00000005          0x0000017c   Section        8  libinit2.o(.ARM.Collect$$libinit$$00000005)
    .ARM.Collect$$libinit$$0000000A          0x00000184   Section        0  libinit2.o(.ARM.Collect$$libinit$$0000000A)
    .ARM.Collect$$libinit$$0000000C          0x00000184   Section        0  libinit2.o(.ARM.Collect$$libinit$$0000000C)
    .ARM.Collect$$libinit$$0000000E          0x00000184   Section        0  libinit2.o(.ARM.Collect$$libinit$$0000000E)
    .ARM.Collect$$libinit$$00000011          0x00000184   Section        0  libinit2.o(.ARM.Collect$$libinit$$00000011)
    .ARM.Collect$$libinit$$00000013          0x00000184   Section        0  libinit2.o(.ARM.Collect$$libinit$$00000013)
    .ARM.Collect$$libinit$$00000015          0x00000184   Section        0  libinit2.o(.ARM.Collect$$libinit$$00000015)
    .ARM.Collect$$libinit$$00000017          0x00000184   Section        0  libinit2.o(.ARM.Collect$$libinit$$00000017)
    .ARM.Collect$$libinit$$00000019          0x00000184   Section        0  libinit2.o(.ARM.Collect$$libinit$$00000019)
    .ARM.Collect$$libinit$$0000001B          0x00000184   Section        0  libinit2.o(.ARM.Collect$$libinit$$0000001B)
    .ARM.Collect$$libinit$$0000001D          0x00000184   Section        0  libinit2.o(.ARM.Collect$$libinit$$0000001D)
    .ARM.Collect$$libinit$$0000001F          0x00000184   Section        0  libinit2.o(.ARM.Collect$$libinit$$0000001F)
    .ARM.Collect$$libinit$$00000021          0x00000184   Section        0  libinit2.o(.ARM.Collect$$libinit$$00000021)
    .ARM.Collect$$libinit$$00000023          0x00000184   Section        0  libinit2.o(.ARM.Collect$$libinit$$00000023)
    .ARM.Collect$$libinit$$00000025          0x00000184   Section        0  libinit2.o(.ARM.Collect$$libinit$$00000025)
    .ARM.Collect$$libinit$$0000002C          0x00000184   Section        0  libinit2.o(.ARM.Collect$$libinit$$0000002C)
    .ARM.Collect$$libinit$$0000002E          0x00000184   Section        0  libinit2.o(.ARM.Collect$$libinit$$0000002E)
    .ARM.Collect$$libinit$$00000030          0x00000184   Section        0  libinit2.o(.ARM.Collect$$libinit$$00000030)
    .ARM.Collect$$libinit$$00000032          0x00000184   Section        0  libinit2.o(.ARM.Collect$$libinit$$00000032)
    .ARM.Collect$$libinit$$00000033          0x00000184   Section        2  libinit2.o(.ARM.Collect$$libinit$$00000033)
    .ARM.Collect$$libshutdown$$00000000      0x00000186   Section        2  libshutdown.o(.ARM.Collect$$libshutdown$$00000000)
    .ARM.Collect$$libshutdown$$00000002      0x00000188   Section        0  libshutdown2.o(.ARM.Collect$$libshutdown$$00000002)
    .ARM.Collect$$libshutdown$$00000004      0x00000188   Section        0  libshutdown2.o(.ARM.Collect$$libshutdown$$00000004)
    .ARM.Collect$$libshutdown$$00000007      0x00000188   Section        0  libshutdown2.o(.ARM.Collect$$libshutdown$$00000007)
    .ARM.Collect$$libshutdown$$0000000A      0x00000188   Section        0  libshutdown2.o(.ARM.Collect$$libshutdown$$0000000A)
    .ARM.Collect$$libshutdown$$0000000C      0x00000188   Section        0  libshutdown2.o(.ARM.Collect$$libshutdown$$0000000C)
    .ARM.Collect$$libshutdown$$0000000F      0x00000188   Section        0  libshutdown2.o(.ARM.Collect$$libshutdown$$0000000F)
    .ARM.Collect$$libshutdown$$00000010      0x00000188   Section        2  libshutdown2.o(.ARM.Collect$$libshutdown$$00000010)
    .ARM.Collect$$rtentry$$00000000          0x0000018a   Section        0  __rtentry.o(.ARM.Collect$$rtentry$$00000000)
    .ARM.Collect$$rtentry$$00000002          0x0000018a   Section        0  __rtentry2.o(.ARM.Collect$$rtentry$$00000002)
    .ARM.Collect$$rtentry$$00000004          0x0000018a   Section        6  __rtentry4.o(.ARM.Collect$$rtentry$$00000004)
    .ARM.Collect$$rtentry$$00000009          0x00000190   Section        0  __rtentry2.o(.ARM.Collect$$rtentry$$00000009)
    .ARM.Collect$$rtentry$$0000000A          0x00000190   Section        4  __rtentry2.o(.ARM.Collect$$rtentry$$0000000A)
    .ARM.Collect$$rtentry$$0000000C          0x00000194   Section        0  __rtentry2.o(.ARM.Collect$$rtentry$$0000000C)
    .ARM.Collect$$rtentry$$0000000D          0x00000194   Section        8  __rtentry2.o(.ARM.Collect$$rtentry$$0000000D)
    .ARM.Collect$$rtexit$$00000000           0x0000019c   Section        2  rtexit.o(.ARM.Collect$$rtexit$$00000000)
    .ARM.Collect$$rtexit$$00000002           0x0000019e   Section        0  rtexit2.o(.ARM.Collect$$rtexit$$00000002)
    .ARM.Collect$$rtexit$$00000003           0x0000019e   Section        4  rtexit2.o(.ARM.Collect$$rtexit$$00000003)
    .ARM.Collect$$rtexit$$00000004           0x000001a2   Section        6  rtexit2.o(.ARM.Collect$$rtexit$$00000004)
    .emb_text                                0x000001a8   Section      162  port.o(.emb_text)
    .emb_text                                0x0000024c   Section        0  maybetermalloc1.o(.emb_text)
    .text                                    0x0000024c   Section       60  keil_freertos_startup_lpc15xx.o(.text)
    .text                                    0x00000288   Section        0  h1_alloc.o(.text)
    .text                                    0x000002e6   Section        0  h1_free.o(.text)
    .text                                    0x00000334   Section      238  lludivv7m.o(.text)
    .text                                    0x00000424   Section        0  noretval__2printf.o(.text)
    .text                                    0x0000043c   Section        0  __printf.o(.text)
    .text                                    0x000004a4   Section        0  _printf_dec.o(.text)
    .text                                    0x0000051c   Section       16  aeabi_memset.o(.text)
    .text                                    0x0000052c   Section        0  heapauxi.o(.text)
    .text                                    0x00000534   Section        8  rt_heap_descriptor_intlibspace.o(.text)
    .text                                    0x0000053c   Section        0  hguard.o(.text)
    .text                                    0x00000540   Section        0  init_alloc.o(.text)
    .text                                    0x000005ca   Section        0  h1_init.o(.text)
    .text                                    0x000005d8   Section        0  _printf_intcommon.o(.text)
    .text                                    0x0000068c   Section        0  _printf_char_file.o(.text)
    .text                                    0x000006b0   Section       68  rt_memclr.o(.text)
    .text                                    0x000006f4   Section        8  libspace.o(.text)
    .text                                    0x000006fc   Section        0  h1_extend.o(.text)
    .text                                    0x00000730   Section        0  _printf_char_common.o(.text)
    _printf_input_char                       0x00000731   Thumb Code    10  _printf_char_common.o(.text)
    .text                                    0x00000760   Section        0  defsig_rtmem_outer.o(.text)
    .text                                    0x0000076e   Section       78  rt_memclr_w.o(.text)
    .text                                    0x000007bc   Section        2  use_no_semi.o(.text)
    .text                                    0x000007be   Section        0  indicate_semi.o(.text)
    .text                                    0x000007be   Section       74  sys_stackheap_outer.o(.text)
    .text                                    0x00000808   Section        0  exit.o(.text)
    .text                                    0x0000081a   Section        0  defsig_exit.o(.text)
    .text                                    0x00000824   Section        0  defsig_rtmem_inner.o(.text)
    .text                                    0x00000874   Section        0  defsig_general.o(.text)
    .text                                    0x000008a6   Section        0  sys_wrch.o(.text)
    i.Board_Debug_Init                       0x000008b4   Section        0  board.o(i.Board_Debug_Init)
    i.Board_Init                             0x00000914   Section        0  board.o(i.Board_Init)
    i.Board_LED_Set                          0x0000095c   Section        0  board.o(i.Board_LED_Set)
    i.Board_SetupClocking                    0x00000980   Section        0  board_sysinit.o(i.Board_SetupClocking)
    i.Board_SetupMuxing                      0x000009b8   Section        0  board_sysinit.o(i.Board_SetupMuxing)
    i.Board_SystemInit                       0x00000a08   Section        0  board_sysinit.o(i.Board_SystemInit)
    i.Board_UARTPutChar                      0x00000a20   Section        0  board.o(i.Board_UARTPutChar)
    i.Chip_Clock_EnablePeriphClock           0x00000a34   Section        0  clock_15xx.o(i.Chip_Clock_EnablePeriphClock)
    i.Chip_Clock_GetMainClockRate            0x00000a54   Section        0  clock_15xx.o(i.Chip_Clock_GetMainClockRate)
    i.Chip_Clock_GetMain_A_ClockRate         0x00000a6c   Section        0  clock_15xx.o(i.Chip_Clock_GetMain_A_ClockRate)
    i.Chip_Clock_GetMain_B_ClockRate         0x00000aa0   Section        0  clock_15xx.o(i.Chip_Clock_GetMain_B_ClockRate)
    i.Chip_Clock_GetPLLFreq                  0x00000ad4   Section        0  clock_15xx.o(i.Chip_Clock_GetPLLFreq)
    Chip_Clock_GetPLLFreq                    0x00000ad5   Thumb Code    12  clock_15xx.o(i.Chip_Clock_GetPLLFreq)
    i.Chip_Clock_GetPLLInClockRate           0x00000ae0   Section        0  clock_15xx.o(i.Chip_Clock_GetPLLInClockRate)
    Chip_Clock_GetPLLInClockRate             0x00000ae1   Thumb Code    24  clock_15xx.o(i.Chip_Clock_GetPLLInClockRate)
    i.Chip_Clock_GetSystemClockRate          0x00000b00   Section        0  clock_15xx.o(i.Chip_Clock_GetSystemClockRate)
    i.Chip_Clock_GetSystemPLLInClockRate     0x00000b18   Section        0  clock_15xx.o(i.Chip_Clock_GetSystemPLLInClockRate)
    i.Chip_Clock_GetSystemPLLOutClockRate    0x00000b28   Section        0  clock_15xx.o(i.Chip_Clock_GetSystemPLLOutClockRate)
    i.Chip_Clock_GetUARTBaseClockRate        0x00000b44   Section        0  clock_15xx.o(i.Chip_Clock_GetUARTBaseClockRate)
    i.Chip_Clock_SetMainClockSource          0x00000b84   Section        0  clock_15xx.o(i.Chip_Clock_SetMainClockSource)
    i.Chip_Clock_SetUARTBaseClockRate        0x00000ba4   Section        0  clock_15xx.o(i.Chip_Clock_SetUARTBaseClockRate)
    i.Chip_FMC_SetFLASHAccess                0x00000bf4   Section        0  sysinit_15xx.o(i.Chip_FMC_SetFLASHAccess)
    Chip_FMC_SetFLASHAccess                  0x00000bf5   Thumb Code    24  sysinit_15xx.o(i.Chip_FMC_SetFLASHAccess)
    i.Chip_GPIO_Init                         0x00000c10   Section        0  gpio_15xx.o(i.Chip_GPIO_Init)
    i.Chip_I2CM_SetBusSpeed                  0x00000c3c   Section        0  i2cm_15xx.o(i.Chip_I2CM_SetBusSpeed)
    i.Chip_I2CM_Xfer                         0x00000c6e   Section        0  i2cm_15xx.o(i.Chip_I2CM_Xfer)
    i.Chip_I2CM_XferHandler                  0x00000c90   Section        0  i2cm_15xx.o(i.Chip_I2CM_XferHandler)
    i.Chip_I2C_Init                          0x00000d30   Section        0  i2c_common_15xx.o(i.Chip_I2C_Init)
    i.Chip_IOCON_SetPinMuxing                0x00000d4a   Section        0  iocon_15xx.o(i.Chip_IOCON_SetPinMuxing)
    i.Chip_SWM_EnableFixedPin                0x00000d6c   Section        0  swm_15xx.o(i.Chip_SWM_EnableFixedPin)
    i.Chip_SWM_MovablePinAssign              0x00000d8c   Section        0  swm_15xx.o(i.Chip_SWM_MovablePinAssign)
    i.Chip_SWM_MovablePortPinAssign          0x00000db0   Section        0  board.o(i.Chip_SWM_MovablePortPinAssign)
    Chip_SWM_MovablePortPinAssign            0x00000db1   Thumb Code    10  board.o(i.Chip_SWM_MovablePortPinAssign)
    i.Chip_SYSCTL_AssertPeriphReset          0x00000dbc   Section        0  sysctl_15xx.o(i.Chip_SYSCTL_AssertPeriphReset)
    i.Chip_SYSCTL_DeassertPeriphReset        0x00000de0   Section        0  sysctl_15xx.o(i.Chip_SYSCTL_DeassertPeriphReset)
    i.Chip_SYSCTL_PeriphReset                0x00000e04   Section        0  uart_15xx.o(i.Chip_SYSCTL_PeriphReset)
    Chip_SYSCTL_PeriphReset                  0x00000e05   Thumb Code    18  uart_15xx.o(i.Chip_SYSCTL_PeriphReset)
    i.Chip_SYSCTL_PowerDown                  0x00000e18   Section        0  sysctl_15xx.o(i.Chip_SYSCTL_PowerDown)
    i.Chip_SYSCTL_PowerUp                    0x00000e34   Section        0  sysctl_15xx.o(i.Chip_SYSCTL_PowerUp)
    i.Chip_SetupXtalClocking                 0x00000e50   Section        0  sysinit_15xx.o(i.Chip_SetupXtalClocking)
    i.Chip_UART_Init                         0x00000eb4   Section        0  uart_15xx.o(i.Chip_UART_Init)
    i.Chip_UART_Send                         0x00000ee8   Section        0  uart_15xx.o(i.Chip_UART_Send)
    i.Chip_UART_SendBlocking                 0x00000f04   Section        0  uart_15xx.o(i.Chip_UART_SendBlocking)
    i.Chip_UART_SetBaud                      0x00000f28   Section        0  uart_15xx.o(i.Chip_UART_SetBaud)
    i.I2C0_IRQHandler                        0x00000f40   Section        0  freertos_blinky.o(i.I2C0_IRQHandler)
    i.SysTick_Handler                        0x00000f50   Section        0  port.o(i.SysTick_Handler)
    i.SystemCoreClockUpdate                  0x00000f74   Section        0  chip_15xx.o(i.SystemCoreClockUpdate)
    i.SystemInit                             0x00000f84   Section        0  sysinit.o(i.SystemInit)
    i._sys_exit                              0x00000f88   Section        0  board.o(i._sys_exit)
    i.eTaskConfirmSleepModeStatus            0x00000f8c   Section        0  tasks.o(i.eTaskConfirmSleepModeStatus)
    i.ferror                                 0x00000fbc   Section        0  board.o(i.ferror)
    i.fputc                                  0x00000fc2   Section        0  board.o(i.fputc)
    i.getUARTClockID                         0x00000fd0   Section        0  uart_15xx.o(i.getUARTClockID)
    getUARTClockID                           0x00000fd1   Thumb Code    24  uart_15xx.o(i.getUARTClockID)
    i.main                                   0x00000ff0   Section        0  freertos_blinky.o(i.main)
    i.prvCheckTasksWaitingTermination        0x00001030   Section        0  tasks.o(i.prvCheckTasksWaitingTermination)
    prvCheckTasksWaitingTermination          0x00001031   Thumb Code    80  tasks.o(i.prvCheckTasksWaitingTermination)
    i.prvGetExpectedIdleTime                 0x00001088   Section        0  tasks.o(i.prvGetExpectedIdleTime)
    prvGetExpectedIdleTime                   0x00001089   Thumb Code    28  tasks.o(i.prvGetExpectedIdleTime)
    i.prvIdleTask                            0x000010ac   Section        0  tasks.o(i.prvIdleTask)
    prvIdleTask                              0x000010ad   Thumb Code    50  tasks.o(i.prvIdleTask)
    i.prvResetNextTaskUnblockTime            0x000010e4   Section        0  tasks.o(i.prvResetNextTaskUnblockTime)
    prvResetNextTaskUnblockTime              0x000010e5   Thumb Code    26  tasks.o(i.prvResetNextTaskUnblockTime)
    i.prvSetupHardware                       0x00001104   Section        0  freertos_blinky.o(i.prvSetupHardware)
    prvSetupHardware                         0x00001105   Thumb Code   134  freertos_blinky.o(i.prvSetupHardware)
    i.prvTaskExitError                       0x000011a0   Section        0  port.o(i.prvTaskExitError)
    prvTaskExitError                         0x000011a1   Thumb Code     6  port.o(i.prvTaskExitError)
    i.pvPortMalloc                           0x000011a6   Section        0  heap_3.o(i.pvPortMalloc)
    i.pxPortInitialiseStack                  0x000011c0   Section        0  port.o(i.pxPortInitialiseStack)
    i.uxListRemove                           0x000011e0   Section        0  list.o(i.uxListRemove)
    i.vApplicationIdleHook                   0x00001204   Section        0  freertoscommonhooks.o(i.vApplicationIdleHook)
    i.vListInitialise                        0x00001208   Section        0  list.o(i.vListInitialise)
    i.vListInitialiseItem                    0x0000121e   Section        0  list.o(i.vListInitialiseItem)
    i.vListInsertEnd                         0x00001224   Section        0  list.o(i.vListInsertEnd)
    i.vPortEnterCritical                     0x0000123c   Section        0  port.o(i.vPortEnterCritical)
    i.vPortExitCritical                      0x00001258   Section        0  port.o(i.vPortExitCritical)
    i.vPortFree                              0x0000126c   Section        0  heap_3.o(i.vPortFree)
    i.vPortSetupTimerInterrupt               0x00001288   Section        0  port.o(i.vPortSetupTimerInterrupt)
    i.vPortSuppressTicksAndSleep             0x000012cc   Section        0  port.o(i.vPortSuppressTicksAndSleep)
    i.vPortYield                             0x00001398   Section        0  port.o(i.vPortYield)
    i.vReadTemperatureI2CM                   0x000013b0   Section        0  freertos_blinky.o(i.vReadTemperatureI2CM)
    vReadTemperatureI2CM                     0x000013b1   Thumb Code   110  freertos_blinky.o(i.vReadTemperatureI2CM)
    i.vTaskStartScheduler                    0x00001478   Section        0  tasks.o(i.vTaskStartScheduler)
    i.vTaskStepTick                          0x000014c0   Section        0  tasks.o(i.vTaskStepTick)
    i.vTaskSuspendAll                        0x000014d0   Section        0  tasks.o(i.vTaskSuspendAll)
    i.vTaskSwitchContext                     0x000014e0   Section        0  tasks.o(i.vTaskSwitchContext)
    i.xPortStartScheduler                    0x00001524   Section        0  port.o(i.xPortStartScheduler)
    i.xTaskGenericCreate                     0x00001554   Section        0  tasks.o(i.xTaskGenericCreate)
    i.xTaskIncrementTick                     0x000016d0   Section        0  tasks.o(i.xTaskIncrementTick)
    i.xTaskResumeAll                         0x00001784   Section        0  tasks.o(i.xTaskResumeAll)
    .constdata                               0x00001824   Section        4  board.o(.constdata)
    .constdata                               0x00001828   Section        4  board.o(.constdata)
    .constdata                               0x0000182c   Section       21  board.o(.constdata)
    ledpins                                  0x0000182c   Data           3  board.o(.constdata)
    ledports                                 0x0000182f   Data           3  board.o(.constdata)
    portButton                               0x00001832   Data           5  board.o(.constdata)
    pinButton                                0x00001837   Data           5  board.o(.constdata)
    stateButton                              0x0000183c   Data           5  board.o(.constdata)
    .constdata                               0x00001844   Section      124  board_sysinit.o(.constdata)
    swmSetup                                 0x00001844   Data           6  board_sysinit.o(.constdata)
    ioconSetup                               0x0000184c   Data         116  board_sysinit.o(.constdata)
    .data                                    0x02000000   Section        4  freertos_blinky.o(.data)
    state                                    0x02000000   Data           4  freertos_blinky.o(.data)
    .data                                    0x02000004   Section       56  tasks.o(.data)
    uxTasksDeleted                           0x02000008   Data           4  tasks.o(.data)
    uxCurrentNumberOfTasks                   0x0200000c   Data           4  tasks.o(.data)
    xTickCount                               0x02000010   Data           4  tasks.o(.data)
    uxTopReadyPriority                       0x02000014   Data           4  tasks.o(.data)
    xSchedulerRunning                        0x02000018   Data           4  tasks.o(.data)
    uxPendedTicks                            0x0200001c   Data           4  tasks.o(.data)
    xYieldPending                            0x02000020   Data           4  tasks.o(.data)
    xNumOfOverflows                          0x02000024   Data           4  tasks.o(.data)
    uxTaskNumber                             0x02000028   Data           4  tasks.o(.data)
    xNextTaskUnblockTime                     0x0200002c   Data           4  tasks.o(.data)
    uxSchedulerSuspended                     0x02000030   Data           4  tasks.o(.data)
    pxDelayedTaskList                        0x02000034   Data           4  tasks.o(.data)
    pxOverflowDelayedTaskList                0x02000038   Data           4  tasks.o(.data)
    .data                                    0x0200003c   Section       16  port.o(.data)
    uxCriticalNesting                        0x0200003c   Data           4  port.o(.data)
    ulTimerCountsForOneTick                  0x02000040   Data           4  port.o(.data)
    xMaximumPossibleSuppressedTicks          0x02000044   Data           4  port.o(.data)
    ulStoppedTimerCompensation               0x02000048   Data           4  port.o(.data)
    .data                                    0x0200004c   Section        4  chip_15xx.o(.data)
    .data                                    0x02000050   Section        4  board.o(.data)
    .bss                                     0x02000054   Section       16  freertos_blinky.o(.bss)
    i2cmXferRec                              0x02000054   Data          16  freertos_blinky.o(.bss)
    .bss                                     0x02000064   Section      260  tasks.o(.bss)
    pxReadyTasksLists                        0x02000064   Data         160  tasks.o(.bss)
    xDelayedTaskList1                        0x02000104   Data          20  tasks.o(.bss)
    xDelayedTaskList2                        0x02000118   Data          20  tasks.o(.bss)
    xPendingReadyList                        0x0200012c   Data          20  tasks.o(.bss)
    xTasksWaitingTermination                 0x02000140   Data          20  tasks.o(.bss)
    xSuspendedTaskList                       0x02000154   Data          20  tasks.o(.bss)
    .bss                                     0x02000168   Section       96  libspace.o(.bss)
    HEAP                                     0x020001c8   Section     4096  keil_freertos_startup_lpc15xx.o(HEAP)
    Heap_Mem                                 0x020001c8   Data        4096  keil_freertos_startup_lpc15xx.o(HEAP)
    STACK                                    0x020011c8   Section     2048  keil_freertos_startup_lpc15xx.o(STACK)
    Stack_Mem                                0x020011c8   Data        2048  keil_freertos_startup_lpc15xx.o(STACK)
    __initial_sp                             0x020019c8   Data           0  keil_freertos_startup_lpc15xx.o(STACK)

    Global Symbols

    Symbol Name                              Value     Ov Type        Size  Object(Section)

    BuildAttributes$$THM_ISAv4$P$D$K$B$S$PE$A:L22UL41UL21$X:L11$S22US41US21$IEEE1$IW$USESV6$~STKCKD$USESV7$~SHL$OTIME$ROPI$EBA8$UX$STANDARDLIB$REQ8$PRES8$EABIv2 0x00000000   Number         0  anon$$obj.o ABSOLUTE
    __ARM_use_no_argv                        0x00000000   Number         0  freertos_blinky.o ABSOLUTE
    __Vectors                                0x00000000   Data           4  keil_freertos_startup_lpc15xx.o(RESET)
    __ARM_exceptions_init                     - Undefined Weak Reference
    __alloca_initialize                       - Undefined Weak Reference
    __arm_preinit_                            - Undefined Weak Reference
    __cpp_initialize__aeabi_                  - Undefined Weak Reference
    __cxa_finalize                            - Undefined Weak Reference
    __rt_locale                               - Undefined Weak Reference
    __sigvec_lookup                           - Undefined Weak Reference
    __user_heap_extent                        - Undefined Weak Reference
    _atexit_init                              - Undefined Weak Reference
    _call_atexit_fns                          - Undefined Weak Reference
    _clock_init                               - Undefined Weak Reference
    _fp_trap_init                             - Undefined Weak Reference
    _fp_trap_shutdown                         - Undefined Weak Reference
    _get_lc_collate                           - Undefined Weak Reference
    _get_lc_ctype                             - Undefined Weak Reference
    _get_lc_monetary                          - Undefined Weak Reference
    _get_lc_numeric                           - Undefined Weak Reference
    _get_lc_time                              - Undefined Weak Reference
    _getenv_init                              - Undefined Weak Reference
    _handle_redirection                       - Undefined Weak Reference
    _initio                                   - Undefined Weak Reference
    _mutex_acquire                            - Undefined Weak Reference
    _mutex_free                               - Undefined Weak Reference
    _mutex_release                            - Undefined Weak Reference
    _printf_mbtowc                            - Undefined Weak Reference
    _printf_post_padding                      - Undefined Weak Reference
    _printf_pre_padding                       - Undefined Weak Reference
    _printf_truncate_signed                   - Undefined Weak Reference
    _printf_truncate_unsigned                 - Undefined Weak Reference
    _rand_init                                - Undefined Weak Reference
    _signal_finish                            - Undefined Weak Reference
    _signal_init                              - Undefined Weak Reference
    _terminateio                              - Undefined Weak Reference
    __main                                   0x000000fd   Thumb Code     8  __main.o(!!!main)
    __scatterload                            0x00000105   Thumb Code     0  __scatter.o(!!!scatter)
    __scatterload_rt2                        0x00000105   Thumb Code    44  __scatter.o(!!!scatter)
    __scatterload_rt2_thumb_only             0x00000105   Thumb Code     0  __scatter.o(!!!scatter)
    __scatterload_null                       0x00000113   Thumb Code     0  __scatter.o(!!!scatter)
    __scatterload_copy                       0x00000139   Thumb Code    26  __scatter_copy.o(!!handler_copy)
    __scatterload_zeroinit                   0x00000155   Thumb Code    28  __scatter_zi.o(!!handler_zi)
    _printf_d                                0x00000171   Thumb Code     0  _printf_d.o(.ARM.Collect$$_printf_percent$$00000009)
    _printf_percent                          0x00000171   Thumb Code     0  _printf_percent.o(.ARM.Collect$$_printf_percent$$00000000)
    _printf_percent_end                      0x00000177   Thumb Code     0  _printf_percent_end.o(.ARM.Collect$$_printf_percent$$00000017)
    __rt_lib_init                            0x0000017b   Thumb Code     0  libinit.o(.ARM.Collect$$libinit$$00000000)
    __rt_lib_init_fp_1                       0x0000017d   Thumb Code     0  libinit2.o(.ARM.Collect$$libinit$$00000002)
    __rt_lib_init_heap_2                     0x0000017d   Thumb Code     0  libinit2.o(.ARM.Collect$$libinit$$00000005)
    __rt_lib_init_preinit_1                  0x0000017d   Thumb Code     0  libinit2.o(.ARM.Collect$$libinit$$00000004)
    __rt_lib_init_alloca_1                   0x00000185   Thumb Code     0  libinit2.o(.ARM.Collect$$libinit$$0000002E)
    __rt_lib_init_argv_1                     0x00000185   Thumb Code     0  libinit2.o(.ARM.Collect$$libinit$$0000002C)
    __rt_lib_init_atexit_1                   0x00000185   Thumb Code     0  libinit2.o(.ARM.Collect$$libinit$$0000001B)
    __rt_lib_init_clock_1                    0x00000185   Thumb Code     0  libinit2.o(.ARM.Collect$$libinit$$00000021)
    __rt_lib_init_cpp_1                      0x00000185   Thumb Code     0  libinit2.o(.ARM.Collect$$libinit$$00000032)
    __rt_lib_init_exceptions_1               0x00000185   Thumb Code     0  libinit2.o(.ARM.Collect$$libinit$$00000030)
    __rt_lib_init_fp_trap_1                  0x00000185   Thumb Code     0  libinit2.o(.ARM.Collect$$libinit$$0000001F)
    __rt_lib_init_getenv_1                   0x00000185   Thumb Code     0  libinit2.o(.ARM.Collect$$libinit$$00000023)
    __rt_lib_init_heap_1                     0x00000185   Thumb Code     0  libinit2.o(.ARM.Collect$$libinit$$0000000A)
    __rt_lib_init_lc_collate_1               0x00000185   Thumb Code     0  libinit2.o(.ARM.Collect$$libinit$$00000011)
    __rt_lib_init_lc_ctype_1                 0x00000185   Thumb Code     0  libinit2.o(.ARM.Collect$$libinit$$00000013)
    __rt_lib_init_lc_monetary_1              0x00000185   Thumb Code     0  libinit2.o(.ARM.Collect$$libinit$$00000015)
    __rt_lib_init_lc_numeric_1               0x00000185   Thumb Code     0  libinit2.o(.ARM.Collect$$libinit$$00000017)
    __rt_lib_init_lc_time_1                  0x00000185   Thumb Code     0  libinit2.o(.ARM.Collect$$libinit$$00000019)
    __rt_lib_init_rand_1                     0x00000185   Thumb Code     0  libinit2.o(.ARM.Collect$$libinit$$0000000E)
    __rt_lib_init_return                     0x00000185   Thumb Code     0  libinit2.o(.ARM.Collect$$libinit$$00000033)
    __rt_lib_init_signal_1                   0x00000185   Thumb Code     0  libinit2.o(.ARM.Collect$$libinit$$0000001D)
    __rt_lib_init_stdio_1                    0x00000185   Thumb Code     0  libinit2.o(.ARM.Collect$$libinit$$00000025)
    __rt_lib_init_user_alloc_1               0x00000185   Thumb Code     0  libinit2.o(.ARM.Collect$$libinit$$0000000C)
    __rt_lib_shutdown                        0x00000187   Thumb Code     0  libshutdown.o(.ARM.Collect$$libshutdown$$00000000)
    __rt_lib_shutdown_cpp_1                  0x00000189   Thumb Code     0  libshutdown2.o(.ARM.Collect$$libshutdown$$00000002)
    __rt_lib_shutdown_fp_trap_1              0x00000189   Thumb Code     0  libshutdown2.o(.ARM.Collect$$libshutdown$$00000007)
    __rt_lib_shutdown_heap_1                 0x00000189   Thumb Code     0  libshutdown2.o(.ARM.Collect$$libshutdown$$0000000F)
    __rt_lib_shutdown_return                 0x00000189   Thumb Code     0  libshutdown2.o(.ARM.Collect$$libshutdown$$00000010)
    __rt_lib_shutdown_signal_1               0x00000189   Thumb Code     0  libshutdown2.o(.ARM.Collect$$libshutdown$$0000000A)
    __rt_lib_shutdown_stdio_1                0x00000189   Thumb Code     0  libshutdown2.o(.ARM.Collect$$libshutdown$$00000004)
    __rt_lib_shutdown_user_alloc_1           0x00000189   Thumb Code     0  libshutdown2.o(.ARM.Collect$$libshutdown$$0000000C)
    __rt_entry                               0x0000018b   Thumb Code     0  __rtentry.o(.ARM.Collect$$rtentry$$00000000)
    __rt_entry_presh_1                       0x0000018b   Thumb Code     0  __rtentry2.o(.ARM.Collect$$rtentry$$00000002)
    __rt_entry_sh                            0x0000018b   Thumb Code     0  __rtentry4.o(.ARM.Collect$$rtentry$$00000004)
    __rt_entry_li                            0x00000191   Thumb Code     0  __rtentry2.o(.ARM.Collect$$rtentry$$0000000A)
    __rt_entry_postsh_1                      0x00000191   Thumb Code     0  __rtentry2.o(.ARM.Collect$$rtentry$$00000009)
    __rt_entry_main                          0x00000195   Thumb Code     0  __rtentry2.o(.ARM.Collect$$rtentry$$0000000D)
    __rt_entry_postli_1                      0x00000195   Thumb Code     0  __rtentry2.o(.ARM.Collect$$rtentry$$0000000C)
    __rt_exit                                0x0000019d   Thumb Code     0  rtexit.o(.ARM.Collect$$rtexit$$00000000)
    __rt_exit_ls                             0x0000019f   Thumb Code     0  rtexit2.o(.ARM.Collect$$rtexit$$00000003)
    __rt_exit_prels_1                        0x0000019f   Thumb Code     0  rtexit2.o(.ARM.Collect$$rtexit$$00000002)
    __rt_exit_exit                           0x000001a3   Thumb Code     0  rtexit2.o(.ARM.Collect$$rtexit$$00000004)
    SVC_Handler                              0x000001a9   Thumb Code    32  port.o(.emb_text)
    __asm___6_port_c_39a90d8d__prvStartFirstTask 0x000001cd   Thumb Code    28  port.o(.emb_text)
    PendSV_Handler                           0x000001ed   Thumb Code    64  port.o(.emb_text)
    ulPortSetInterruptMask                   0x00000231   Thumb Code    14  port.o(.emb_text)
    vPortClearInterruptMask                  0x0000023f   Thumb Code     6  port.o(.emb_text)
    vPortGetIPSR                             0x00000245   Thumb Code     6  port.o(.emb_text)
    Reset_Handler                            0x0000024d   Thumb Code     8  keil_freertos_startup_lpc15xx.o(.text)
    _maybe_terminate_alloc                   0x0000024d   Thumb Code     0  maybetermalloc1.o(.emb_text)
    NMI_Handler                              0x00000255   Thumb Code     2  keil_freertos_startup_lpc15xx.o(.text)
    HardFault_Handler                        0x00000257   Thumb Code     2  keil_freertos_startup_lpc15xx.o(.text)
    Reserved_IRQHandler                      0x0000025f   Thumb Code     2  keil_freertos_startup_lpc15xx.o(.text)
    ACMP0_IRQHandler                         0x00000261   Thumb Code     0  keil_freertos_startup_lpc15xx.o(.text)
    ACMP1_IRQHandler                         0x00000261   Thumb Code     0  keil_freertos_startup_lpc15xx.o(.text)
    ACMP2_IRQHandler                         0x00000261   Thumb Code     0  keil_freertos_startup_lpc15xx.o(.text)
    ACMP3_IRQHandler                         0x00000261   Thumb Code     0  keil_freertos_startup_lpc15xx.o(.text)
    ADC0A_IRQHandler                         0x00000261   Thumb Code     0  keil_freertos_startup_lpc15xx.o(.text)
    ADC0B_IRQHandler                         0x00000261   Thumb Code     0  keil_freertos_startup_lpc15xx.o(.text)
    ADC0_OVR_IRQHandler                      0x00000261   Thumb Code     0  keil_freertos_startup_lpc15xx.o(.text)
    ADC0_THCMP_IRQHandler                    0x00000261   Thumb Code     0  keil_freertos_startup_lpc15xx.o(.text)
    ADC1A_IRQHandler                         0x00000261   Thumb Code     0  keil_freertos_startup_lpc15xx.o(.text)
    ADC1B_IRQHandler                         0x00000261   Thumb Code     0  keil_freertos_startup_lpc15xx.o(.text)
    ADC1_OVR_IRQHandler                      0x00000261   Thumb Code     0  keil_freertos_startup_lpc15xx.o(.text)
    ADC1_THCMP_IRQHandler                    0x00000261   Thumb Code     0  keil_freertos_startup_lpc15xx.o(.text)
    BOD_IRQHandler                           0x00000261   Thumb Code     0  keil_freertos_startup_lpc15xx.o(.text)
    CAN_IRQHandler                           0x00000261   Thumb Code     0  keil_freertos_startup_lpc15xx.o(.text)
    DAC_IRQHandler                           0x00000261   Thumb Code     0  keil_freertos_startup_lpc15xx.o(.text)
    DMA_IRQHandler                           0x00000261   Thumb Code     0  keil_freertos_startup_lpc15xx.o(.text)
    EEPROM_IRQHandler                        0x00000261   Thumb Code     0  keil_freertos_startup_lpc15xx.o(.text)
    FMC_IRQHandler                           0x00000261   Thumb Code     0  keil_freertos_startup_lpc15xx.o(.text)
    GINT0_IRQHandler                         0x00000261   Thumb Code     0  keil_freertos_startup_lpc15xx.o(.text)
    GINT1_IRQHandler                         0x00000261   Thumb Code     0  keil_freertos_startup_lpc15xx.o(.text)
    MRT_IRQHandler                           0x00000261   Thumb Code     0  keil_freertos_startup_lpc15xx.o(.text)
    PIN_INT0_IRQHandler                      0x00000261   Thumb Code     0  keil_freertos_startup_lpc15xx.o(.text)
    PIN_INT1_IRQHandler                      0x00000261   Thumb Code     0  keil_freertos_startup_lpc15xx.o(.text)
    PIN_INT2_IRQHandler                      0x00000261   Thumb Code     0  keil_freertos_startup_lpc15xx.o(.text)
    PIN_INT3_IRQHandler                      0x00000261   Thumb Code     0  keil_freertos_startup_lpc15xx.o(.text)
    PIN_INT4_IRQHandler                      0x00000261   Thumb Code     0  keil_freertos_startup_lpc15xx.o(.text)
    PIN_INT5_IRQHandler                      0x00000261   Thumb Code     0  keil_freertos_startup_lpc15xx.o(.text)
    PIN_INT6_IRQHandler                      0x00000261   Thumb Code     0  keil_freertos_startup_lpc15xx.o(.text)
    PIN_INT7_IRQHandler                      0x00000261   Thumb Code     0  keil_freertos_startup_lpc15xx.o(.text)
    QEI_IRQHandler                           0x00000261   Thumb Code     0  keil_freertos_startup_lpc15xx.o(.text)
    RIT_IRQHandler                           0x00000261   Thumb Code     0  keil_freertos_startup_lpc15xx.o(.text)
    RTC_ALARM_IRQHandler                     0x00000261   Thumb Code     0  keil_freertos_startup_lpc15xx.o(.text)
    RTC_WAKE_IRQHandler                      0x00000261   Thumb Code     0  keil_freertos_startup_lpc15xx.o(.text)
    SCT0_IRQHandler                          0x00000261   Thumb Code     0  keil_freertos_startup_lpc15xx.o(.text)
    SCT1_IRQHandler                          0x00000261   Thumb Code     0  keil_freertos_startup_lpc15xx.o(.text)
    SCT2_IRQHandler                          0x00000261   Thumb Code     0  keil_freertos_startup_lpc15xx.o(.text)
    SCT3_IRQHandler                          0x00000261   Thumb Code     0  keil_freertos_startup_lpc15xx.o(.text)
    SPI0_IRQHandler                          0x00000261   Thumb Code     0  keil_freertos_startup_lpc15xx.o(.text)
    SPI1_IRQHandler                          0x00000261   Thumb Code     0  keil_freertos_startup_lpc15xx.o(.text)
    UART0_IRQHandler                         0x00000261   Thumb Code     0  keil_freertos_startup_lpc15xx.o(.text)
    UART1_IRQHandler                         0x00000261   Thumb Code     0  keil_freertos_startup_lpc15xx.o(.text)
    UART2_IRQHandler                         0x00000261   Thumb Code     0  keil_freertos_startup_lpc15xx.o(.text)
    USBWakeup_IRQHandler                     0x00000261   Thumb Code     0  keil_freertos_startup_lpc15xx.o(.text)
    USB_FIQHandler                           0x00000261   Thumb Code     0  keil_freertos_startup_lpc15xx.o(.text)
    USB_IRQHandler                           0x00000261   Thumb Code     0  keil_freertos_startup_lpc15xx.o(.text)
    WDT_IRQHandler                           0x00000261   Thumb Code     0  keil_freertos_startup_lpc15xx.o(.text)
    __user_initial_stackheap                 0x00000265   Thumb Code     0  keil_freertos_startup_lpc15xx.o(.text)
    malloc                                   0x00000289   Thumb Code    94  h1_alloc.o(.text)
    free                                     0x000002e7   Thumb Code    78  h1_free.o(.text)
    __aeabi_uldivmod                         0x00000335   Thumb Code     0  lludivv7m.o(.text)
    _ll_udiv                                 0x00000335   Thumb Code   238  lludivv7m.o(.text)
    __2printf                                0x00000425   Thumb Code    20  noretval__2printf.o(.text)
    __printf                                 0x0000043d   Thumb Code   104  __printf.o(.text)
    _printf_int_dec                          0x000004a5   Thumb Code   104  _printf_dec.o(.text)
    __aeabi_memset                           0x0000051d   Thumb Code    16  aeabi_memset.o(.text)
    __use_two_region_memory                  0x0000052d   Thumb Code     2  heapauxi.o(.text)
    __rt_heap_escrow                         0x0000052f   Thumb Code     2  heapauxi.o(.text)
    __rt_heap_expand                         0x00000531   Thumb Code     2  heapauxi.o(.text)
    __rt_heap_descriptor                     0x00000535   Thumb Code     8  rt_heap_descriptor_intlibspace.o(.text)
    __use_no_heap                            0x0000053d   Thumb Code     2  hguard.o(.text)
    __heap$guard                             0x0000053f   Thumb Code     2  hguard.o(.text)
    _terminate_user_alloc                    0x00000541   Thumb Code     2  init_alloc.o(.text)
    _init_user_alloc                         0x00000543   Thumb Code     2  init_alloc.o(.text)
    __Heap_Full                              0x00000545   Thumb Code    34  init_alloc.o(.text)
    __Heap_Broken                            0x00000567   Thumb Code     6  init_alloc.o(.text)
    _init_alloc                              0x0000056d   Thumb Code    94  init_alloc.o(.text)
    __Heap_Initialize                        0x000005cb   Thumb Code    10  h1_init.o(.text)
    __Heap_DescSize                          0x000005d5   Thumb Code     4  h1_init.o(.text)
    _printf_int_common                       0x000005d9   Thumb Code   178  _printf_intcommon.o(.text)
    _printf_char_file                        0x0000068d   Thumb Code    32  _printf_char_file.o(.text)
    __aeabi_memclr                           0x000006b1   Thumb Code     0  rt_memclr.o(.text)
    __rt_memclr                              0x000006b1   Thumb Code    68  rt_memclr.o(.text)
    _memset                                  0x000006b5   Thumb Code     0  rt_memclr.o(.text)
    __user_libspace                          0x000006f5   Thumb Code     8  libspace.o(.text)
    __user_perproc_libspace                  0x000006f5   Thumb Code     0  libspace.o(.text)
    __user_perthread_libspace                0x000006f5   Thumb Code     0  libspace.o(.text)
    __Heap_ProvideMemory                     0x000006fd   Thumb Code    52  h1_extend.o(.text)
    _printf_char_common                      0x0000073b   Thumb Code    32  _printf_char_common.o(.text)
    __rt_SIGRTMEM                            0x00000761   Thumb Code    14  defsig_rtmem_outer.o(.text)
    __aeabi_memclr4                          0x0000076f   Thumb Code     0  rt_memclr_w.o(.text)
    __aeabi_memclr8                          0x0000076f   Thumb Code     0  rt_memclr_w.o(.text)
    __rt_memclr_w                            0x0000076f   Thumb Code    78  rt_memclr_w.o(.text)
    _memset_w                                0x00000773   Thumb Code     0  rt_memclr_w.o(.text)
    __I$use$semihosting                      0x000007bd   Thumb Code     0  use_no_semi.o(.text)
    __use_no_semihosting_swi                 0x000007bd   Thumb Code     2  use_no_semi.o(.text)
    __semihosting_library_function           0x000007bf   Thumb Code     0  indicate_semi.o(.text)
    __user_setup_stackheap                   0x000007bf   Thumb Code    74  sys_stackheap_outer.o(.text)
    exit                                     0x00000809   Thumb Code    18  exit.o(.text)
    __sig_exit                               0x0000081b   Thumb Code    10  defsig_exit.o(.text)
    __rt_SIGRTMEM_inner                      0x00000825   Thumb Code    22  defsig_rtmem_inner.o(.text)
    __default_signal_display                 0x00000875   Thumb Code    50  defsig_general.o(.text)
    _ttywrch                                 0x000008a7   Thumb Code    14  sys_wrch.o(.text)
    Board_Debug_Init                         0x000008b5   Thumb Code    88  board.o(i.Board_Debug_Init)
    Board_Init                               0x00000915   Thumb Code    68  board.o(i.Board_Init)
    Board_LED_Set                            0x0000095d   Thumb Code    32  board.o(i.Board_LED_Set)
    Board_SetupClocking                      0x00000981   Thumb Code    52  board_sysinit.o(i.Board_SetupClocking)
    Board_SetupMuxing                        0x000009b9   Thumb Code    72  board_sysinit.o(i.Board_SetupMuxing)
    Board_SystemInit                         0x00000a09   Thumb Code    20  board_sysinit.o(i.Board_SystemInit)
    Board_UARTPutChar                        0x00000a21   Thumb Code    14  board.o(i.Board_UARTPutChar)
    Chip_Clock_EnablePeriphClock             0x00000a35   Thumb Code    28  clock_15xx.o(i.Chip_Clock_EnablePeriphClock)
    Chip_Clock_GetMainClockRate              0x00000a55   Thumb Code    20  clock_15xx.o(i.Chip_Clock_GetMainClockRate)
    Chip_Clock_GetMain_A_ClockRate           0x00000a6d   Thumb Code    36  clock_15xx.o(i.Chip_Clock_GetMain_A_ClockRate)
    Chip_Clock_GetMain_B_ClockRate           0x00000aa1   Thumb Code    44  clock_15xx.o(i.Chip_Clock_GetMain_B_ClockRate)
    Chip_Clock_GetSystemClockRate            0x00000b01   Thumb Code    18  clock_15xx.o(i.Chip_Clock_GetSystemClockRate)
    Chip_Clock_GetSystemPLLInClockRate       0x00000b19   Thumb Code    10  clock_15xx.o(i.Chip_Clock_GetSystemPLLInClockRate)
    Chip_Clock_GetSystemPLLOutClockRate      0x00000b29   Thumb Code    22  clock_15xx.o(i.Chip_Clock_GetSystemPLLOutClockRate)
    Chip_Clock_GetUARTBaseClockRate          0x00000b45   Thumb Code    58  clock_15xx.o(i.Chip_Clock_GetUARTBaseClockRate)
    Chip_Clock_SetMainClockSource            0x00000b85   Thumb Code    26  clock_15xx.o(i.Chip_Clock_SetMainClockSource)
    Chip_Clock_SetUARTBaseClockRate          0x00000ba5   Thumb Code    74  clock_15xx.o(i.Chip_Clock_SetUARTBaseClockRate)
    Chip_GPIO_Init                           0x00000c11   Thumb Code    44  gpio_15xx.o(i.Chip_GPIO_Init)
    Chip_I2CM_SetBusSpeed                    0x00000c3d   Thumb Code    50  i2cm_15xx.o(i.Chip_I2CM_SetBusSpeed)
    Chip_I2CM_Xfer                           0x00000c6f   Thumb Code    34  i2cm_15xx.o(i.Chip_I2CM_Xfer)
    Chip_I2CM_XferHandler                    0x00000c91   Thumb Code   160  i2cm_15xx.o(i.Chip_I2CM_XferHandler)
    Chip_I2C_Init                            0x00000d31   Thumb Code    26  i2c_common_15xx.o(i.Chip_I2C_Init)
    Chip_IOCON_SetPinMuxing                  0x00000d4b   Thumb Code    34  iocon_15xx.o(i.Chip_IOCON_SetPinMuxing)
    Chip_SWM_EnableFixedPin                  0x00000d6d   Thumb Code    28  swm_15xx.o(i.Chip_SWM_EnableFixedPin)
    Chip_SWM_MovablePinAssign                0x00000d8d   Thumb Code    30  swm_15xx.o(i.Chip_SWM_MovablePinAssign)
    Chip_SYSCTL_AssertPeriphReset            0x00000dbd   Thumb Code    30  sysctl_15xx.o(i.Chip_SYSCTL_AssertPeriphReset)
    Chip_SYSCTL_DeassertPeriphReset          0x00000de1   Thumb Code    30  sysctl_15xx.o(i.Chip_SYSCTL_DeassertPeriphReset)
    Chip_SYSCTL_PowerDown                    0x00000e19   Thumb Code    20  sysctl_15xx.o(i.Chip_SYSCTL_PowerDown)
    Chip_SYSCTL_PowerUp                      0x00000e35   Thumb Code    20  sysctl_15xx.o(i.Chip_SYSCTL_PowerUp)
    Chip_SetupXtalClocking                   0x00000e51   Thumb Code    94  sysinit_15xx.o(i.Chip_SetupXtalClocking)
    Chip_UART_Init                           0x00000eb5   Thumb Code    42  uart_15xx.o(i.Chip_UART_Init)
    Chip_UART_Send                           0x00000ee9   Thumb Code    28  uart_15xx.o(i.Chip_UART_Send)
    Chip_UART_SendBlocking                   0x00000f05   Thumb Code    36  uart_15xx.o(i.Chip_UART_SendBlocking)
    Chip_UART_SetBaud                        0x00000f29   Thumb Code    22  uart_15xx.o(i.Chip_UART_SetBaud)
    I2C0_IRQHandler                          0x00000f41   Thumb Code     8  freertos_blinky.o(i.I2C0_IRQHandler)
    SysTick_Handler                          0x00000f51   Thumb Code    30  port.o(i.SysTick_Handler)
    SystemCoreClockUpdate                    0x00000f75   Thumb Code    12  chip_15xx.o(i.SystemCoreClockUpdate)
    SystemInit                               0x00000f85   Thumb Code     4  sysinit.o(i.SystemInit)
    _sys_exit                                0x00000f89   Thumb Code     4  board.o(i._sys_exit)
    eTaskConfirmSleepModeStatus              0x00000f8d   Thumb Code    38  tasks.o(i.eTaskConfirmSleepModeStatus)
    ferror                                   0x00000fbd   Thumb Code     6  board.o(i.ferror)
    fputc                                    0x00000fc3   Thumb Code    12  board.o(i.fputc)
    main                                     0x00000ff1   Thumb Code    44  freertos_blinky.o(i.main)
    pvPortMalloc                             0x000011a7   Thumb Code    24  heap_3.o(i.pvPortMalloc)
    pxPortInitialiseStack                    0x000011c1   Thumb Code    28  port.o(i.pxPortInitialiseStack)
    uxListRemove                             0x000011e1   Thumb Code    36  list.o(i.uxListRemove)
    vApplicationIdleHook                     0x00001205   Thumb Code     4  freertoscommonhooks.o(i.vApplicationIdleHook)
    vListInitialise                          0x00001209   Thumb Code    22  list.o(i.vListInitialise)
    vListInitialiseItem                      0x0000121f   Thumb Code     6  list.o(i.vListInitialiseItem)
    vListInsertEnd                           0x00001225   Thumb Code    24  list.o(i.vListInsertEnd)
    vPortEnterCritical                       0x0000123d   Thumb Code    24  port.o(i.vPortEnterCritical)
    vPortExitCritical                        0x00001259   Thumb Code    16  port.o(i.vPortExitCritical)
    vPortFree                                0x0000126d   Thumb Code    26  heap_3.o(i.vPortFree)
    vPortSetupTimerInterrupt                 0x00001289   Thumb Code    58  port.o(i.vPortSetupTimerInterrupt)
    vPortSuppressTicksAndSleep               0x000012cd   Thumb Code   200  port.o(i.vPortSuppressTicksAndSleep)
    vPortYield                               0x00001399   Thumb Code    18  port.o(i.vPortYield)
    vTaskStartScheduler                      0x00001479   Thumb Code    54  tasks.o(i.vTaskStartScheduler)
    vTaskStepTick                            0x000014c1   Thumb Code    10  tasks.o(i.vTaskStepTick)
    vTaskSuspendAll                          0x000014d1   Thumb Code    10  tasks.o(i.vTaskSuspendAll)
    vTaskSwitchContext                       0x000014e1   Thumb Code    60  tasks.o(i.vTaskSwitchContext)
    xPortStartScheduler                      0x00001525   Thumb Code    38  port.o(i.xPortStartScheduler)
    xTaskGenericCreate                       0x00001555   Thumb Code   370  tasks.o(i.xTaskGenericCreate)
    xTaskIncrementTick                       0x000016d1   Thumb Code   172  tasks.o(i.xTaskIncrementTick)
    xTaskResumeAll                           0x00001785   Thumb Code   150  tasks.o(i.xTaskResumeAll)
    OscRateIn                                0x00001824   Data           4  board.o(.constdata)
    RTCOscRateIn                             0x00001828   Data           4  board.o(.constdata)
    Region$$Table$$Base                      0x000018c0   Number         0  anon$$obj.o(Region$$Table)
    Region$$Table$$Limit                     0x000018e0   Number         0  anon$$obj.o(Region$$Table)
    pxCurrentTCB                             0x02000004   Data           4  tasks.o(.data)
    SystemCoreClock                          0x0200004c   Data           4  chip_15xx.o(.data)
    __stdout                                 0x02000050   Data           4  board.o(.data)
    __libspace_start                         0x02000168   Data          96  libspace.o(.bss)
    __temporary_stack_top$libspace           0x020001c8   Data           0  libspace.o(.bss)



==============================================================================

Memory Map of the image

  Image Entry point : 0x000000fd

  Load Region LR_IROM1 (Base: 0x00000000, Size: 0x00001934, Max: 0x00040000, ABSOLUTE)

    Execution Region ER_IROM1 (Base: 0x00000000, Size: 0x000018e0, Max: 0x00040000, ABSOLUTE)

    Base Addr    Size         Type   Attr      Idx    E Section Name        Object

    0x00000000   0x000000fc   Data   RO          242    RESET               keil_freertos_startup_lpc15xx.o
    0x000000fc   0x00000008   Code   RO         3167  * !!!main             c_w.l(__main.o)
    0x00000104   0x00000034   Code   RO         3393    !!!scatter          c_w.l(__scatter.o)
    0x00000138   0x0000001a   Code   RO         3395    !!handler_copy      c_w.l(__scatter_copy.o)
    0x00000152   0x00000002   PAD
    0x00000154   0x0000001c   Code   RO         3397    !!handler_zi        c_w.l(__scatter_zi.o)
    0x00000170   0x00000000   Code   RO         3160    .ARM.Collect$$_printf_percent$$00000000  c_w.l(_printf_percent.o)
    0x00000170   0x00000006   Code   RO         3159    .ARM.Collect$$_printf_percent$$00000009  c_w.l(_printf_d.o)
    0x00000176   0x00000004   Code   RO         3207    .ARM.Collect$$_printf_percent$$00000017  c_w.l(_printf_percent_end.o)
    0x0000017a   0x00000002   Code   RO         3334    .ARM.Collect$$libinit$$00000000  c_w.l(libinit.o)
    0x0000017c   0x00000000   Code   RO         3215    .ARM.Collect$$libinit$$00000002  c_w.l(libinit2.o)
    0x0000017c   0x00000000   Code   RO         3217    .ARM.Collect$$libinit$$00000004  c_w.l(libinit2.o)
    0x0000017c   0x00000008   Code   RO         3218    .ARM.Collect$$libinit$$00000005  c_w.l(libinit2.o)
    0x00000184   0x00000000   Code   RO         3220    .ARM.Collect$$libinit$$0000000A  c_w.l(libinit2.o)
    0x00000184   0x00000000   Code   RO         3222    .ARM.Collect$$libinit$$0000000C  c_w.l(libinit2.o)
    0x00000184   0x00000000   Code   RO         3224    .ARM.Collect$$libinit$$0000000E  c_w.l(libinit2.o)
    0x00000184   0x00000000   Code   RO         3227    .ARM.Collect$$libinit$$00000011  c_w.l(libinit2.o)
    0x00000184   0x00000000   Code   RO         3229    .ARM.Collect$$libinit$$00000013  c_w.l(libinit2.o)
    0x00000184   0x00000000   Code   RO         3231    .ARM.Collect$$libinit$$00000015  c_w.l(libinit2.o)
    0x00000184   0x00000000   Code   RO         3233    .ARM.Collect$$libinit$$00000017  c_w.l(libinit2.o)
    0x00000184   0x00000000   Code   RO         3235    .ARM.Collect$$libinit$$00000019  c_w.l(libinit2.o)
    0x00000184   0x00000000   Code   RO         3237    .ARM.Collect$$libinit$$0000001B  c_w.l(libinit2.o)
    0x00000184   0x00000000   Code   RO         3239    .ARM.Collect$$libinit$$0000001D  c_w.l(libinit2.o)
    0x00000184   0x00000000   Code   RO         3241    .ARM.Collect$$libinit$$0000001F  c_w.l(libinit2.o)
    0x00000184   0x00000000   Code   RO         3243    .ARM.Collect$$libinit$$00000021  c_w.l(libinit2.o)
    0x00000184   0x00000000   Code   RO         3245    .ARM.Collect$$libinit$$00000023  c_w.l(libinit2.o)
    0x00000184   0x00000000   Code   RO         3247    .ARM.Collect$$libinit$$00000025  c_w.l(libinit2.o)
    0x00000184   0x00000000   Code   RO         3251    .ARM.Collect$$libinit$$0000002C  c_w.l(libinit2.o)
    0x00000184   0x00000000   Code   RO         3253    .ARM.Collect$$libinit$$0000002E  c_w.l(libinit2.o)
    0x00000184   0x00000000   Code   RO         3255    .ARM.Collect$$libinit$$00000030  c_w.l(libinit2.o)
    0x00000184   0x00000000   Code   RO         3257    .ARM.Collect$$libinit$$00000032  c_w.l(libinit2.o)
    0x00000184   0x00000002   Code   RO         3258    .ARM.Collect$$libinit$$00000033  c_w.l(libinit2.o)
    0x00000186   0x00000002   Code   RO         3390    .ARM.Collect$$libshutdown$$00000000  c_w.l(libshutdown.o)
    0x00000188   0x00000000   Code   RO         3348    .ARM.Collect$$libshutdown$$00000002  c_w.l(libshutdown2.o)
    0x00000188   0x00000000   Code   RO         3350    .ARM.Collect$$libshutdown$$00000004  c_w.l(libshutdown2.o)
    0x00000188   0x00000000   Code   RO         3353    .ARM.Collect$$libshutdown$$00000007  c_w.l(libshutdown2.o)
    0x00000188   0x00000000   Code   RO         3356    .ARM.Collect$$libshutdown$$0000000A  c_w.l(libshutdown2.o)
    0x00000188   0x00000000   Code   RO         3358    .ARM.Collect$$libshutdown$$0000000C  c_w.l(libshutdown2.o)
    0x00000188   0x00000000   Code   RO         3361    .ARM.Collect$$libshutdown$$0000000F  c_w.l(libshutdown2.o)
    0x00000188   0x00000002   Code   RO         3362    .ARM.Collect$$libshutdown$$00000010  c_w.l(libshutdown2.o)
    0x0000018a   0x00000000   Code   RO         3171    .ARM.Collect$$rtentry$$00000000  c_w.l(__rtentry.o)
    0x0000018a   0x00000000   Code   RO         3265    .ARM.Collect$$rtentry$$00000002  c_w.l(__rtentry2.o)
    0x0000018a   0x00000006   Code   RO         3277    .ARM.Collect$$rtentry$$00000004  c_w.l(__rtentry4.o)
    0x00000190   0x00000000   Code   RO         3267    .ARM.Collect$$rtentry$$00000009  c_w.l(__rtentry2.o)
    0x00000190   0x00000004   Code   RO         3268    .ARM.Collect$$rtentry$$0000000A  c_w.l(__rtentry2.o)
    0x00000194   0x00000000   Code   RO         3270    .ARM.Collect$$rtentry$$0000000C  c_w.l(__rtentry2.o)
    0x00000194   0x00000008   Code   RO         3271    .ARM.Collect$$rtentry$$0000000D  c_w.l(__rtentry2.o)
    0x0000019c   0x00000002   Code   RO         3335    .ARM.Collect$$rtexit$$00000000  c_w.l(rtexit.o)
    0x0000019e   0x00000000   Code   RO         3366    .ARM.Collect$$rtexit$$00000002  c_w.l(rtexit2.o)
    0x0000019e   0x00000004   Code   RO         3367    .ARM.Collect$$rtexit$$00000003  c_w.l(rtexit2.o)
    0x000001a2   0x00000006   Code   RO         3368    .ARM.Collect$$rtexit$$00000004  c_w.l(rtexit2.o)
    0x000001a8   0x000000a2   Code   RO          928    .emb_text           port.o
    0x0000024a   0x00000002   PAD
    0x0000024c   0x00000000   Code   RO         3283    .emb_text           c_w.l(maybetermalloc1.o)
    0x0000024c   0x0000003c   Code   RO          243    .text               keil_freertos_startup_lpc15xx.o
    0x00000288   0x0000005e   Code   RO         3068    .text               c_w.l(h1_alloc.o)
    0x000002e6   0x0000004e   Code   RO         3070    .text               c_w.l(h1_free.o)
    0x00000334   0x000000ee   Code   RO         3126    .text               c_w.l(lludivv7m.o)
    0x00000422   0x00000002   PAD
    0x00000424   0x00000018   Code   RO         3130    .text               c_w.l(noretval__2printf.o)
    0x0000043c   0x00000068   Code   RO         3132    .text               c_w.l(__printf.o)
    0x000004a4   0x00000078   Code   RO         3136    .text               c_w.l(_printf_dec.o)
    0x0000051c   0x00000010   Code   RO         3163    .text               c_w.l(aeabi_memset.o)
    0x0000052c   0x00000006   Code   RO         3165    .text               c_w.l(heapauxi.o)
    0x00000532   0x00000002   PAD
    0x00000534   0x00000008   Code   RO         3179    .text               c_w.l(rt_heap_descriptor_intlibspace.o)
    0x0000053c   0x00000004   Code   RO         3181    .text               c_w.l(hguard.o)
    0x00000540   0x0000008a   Code   RO         3183    .text               c_w.l(init_alloc.o)
    0x000005ca   0x0000000e   Code   RO         3187    .text               c_w.l(h1_init.o)
    0x000005d8   0x000000b2   Code   RO         3201    .text               c_w.l(_printf_intcommon.o)
    0x0000068a   0x00000002   PAD
    0x0000068c   0x00000024   Code   RO         3205    .text               c_w.l(_printf_char_file.o)
    0x000006b0   0x00000044   Code   RO         3210    .text               c_w.l(rt_memclr.o)
    0x000006f4   0x00000008   Code   RO         3261    .text               c_w.l(libspace.o)
    0x000006fc   0x00000034   Code   RO         3285    .text               c_w.l(h1_extend.o)
    0x00000730   0x00000030   Code   RO         3289    .text               c_w.l(_printf_char_common.o)
    0x00000760   0x0000000e   Code   RO         3291    .text               c_w.l(defsig_rtmem_outer.o)
    0x0000076e   0x0000004e   Code   RO         3295    .text               c_w.l(rt_memclr_w.o)
    0x000007bc   0x00000002   Code   RO         3304    .text               c_w.l(use_no_semi.o)
    0x000007be   0x00000000   Code   RO         3306    .text               c_w.l(indicate_semi.o)
    0x000007be   0x0000004a   Code   RO         3307    .text               c_w.l(sys_stackheap_outer.o)
    0x00000808   0x00000012   Code   RO         3315    .text               c_w.l(exit.o)
    0x0000081a   0x0000000a   Code   RO         3317    .text               c_w.l(defsig_exit.o)
    0x00000824   0x00000050   Code   RO         3323    .text               c_w.l(defsig_rtmem_inner.o)
    0x00000874   0x00000032   Code   RO         3343    .text               c_w.l(defsig_general.o)
    0x000008a6   0x0000000e   Code   RO         3363    .text               c_w.l(sys_wrch.o)
    0x000008b4   0x00000060   Code   RO         2867    i.Board_Debug_Init  board.o
    0x00000914   0x00000048   Code   RO         2868    i.Board_Init        board.o
    0x0000095c   0x00000024   Code   RO         2870    i.Board_LED_Set     board.o
    0x00000980   0x00000038   Code   RO         3018    i.Board_SetupClocking  board_sysinit.o
    0x000009b8   0x00000050   Code   RO         3019    i.Board_SetupMuxing  board_sysinit.o
    0x00000a08   0x00000018   Code   RO         3020    i.Board_SystemInit  board_sysinit.o
    0x00000a20   0x00000014   Code   RO         2874    i.Board_UARTPutChar  board.o
    0x00000a34   0x00000020   Code   RO         1567    i.Chip_Clock_EnablePeriphClock  clock_15xx.o
    0x00000a54   0x00000018   Code   RO         1569    i.Chip_Clock_GetMainClockRate  clock_15xx.o
    0x00000a6c   0x00000034   Code   RO         1571    i.Chip_Clock_GetMain_A_ClockRate  clock_15xx.o
    0x00000aa0   0x00000034   Code   RO         1572    i.Chip_Clock_GetMain_B_ClockRate  clock_15xx.o
    0x00000ad4   0x0000000c   Code   RO         1573    i.Chip_Clock_GetPLLFreq  clock_15xx.o
    0x00000ae0   0x00000020   Code   RO         1574    i.Chip_Clock_GetPLLInClockRate  clock_15xx.o
    0x00000b00   0x00000018   Code   RO         1578    i.Chip_Clock_GetSystemClockRate  clock_15xx.o
    0x00000b18   0x00000010   Code   RO         1579    i.Chip_Clock_GetSystemPLLInClockRate  clock_15xx.o
    0x00000b28   0x0000001c   Code   RO         1580    i.Chip_Clock_GetSystemPLLOutClockRate  clock_15xx.o
    0x00000b44   0x00000040   Code   RO         1581    i.Chip_Clock_GetUARTBaseClockRate  clock_15xx.o
    0x00000b84   0x00000020   Code   RO         1585    i.Chip_Clock_SetMainClockSource  clock_15xx.o
    0x00000ba4   0x00000050   Code   RO         1587    i.Chip_Clock_SetUARTBaseClockRate  clock_15xx.o
    0x00000bf4   0x0000001c   Code   RO         1932    i.Chip_FMC_SetFLASHAccess  sysinit_15xx.o
    0x00000c10   0x0000002c   Code   RO         1714    i.Chip_GPIO_Init    gpio_15xx.o
    0x00000c3c   0x00000032   Code   RO         2669    i.Chip_I2CM_SetBusSpeed  i2cm_15xx.o
    0x00000c6e   0x00000022   Code   RO         2670    i.Chip_I2CM_Xfer    i2cm_15xx.o
    0x00000c90   0x000000a0   Code   RO         2672    i.Chip_I2CM_XferHandler  i2cm_15xx.o
    0x00000d30   0x0000001a   Code   RO         2721    i.Chip_I2C_Init     i2c_common_15xx.o
    0x00000d4a   0x00000022   Code   RO         1770    i.Chip_IOCON_SetPinMuxing  iocon_15xx.o
    0x00000d6c   0x00000020   Code   RO         1798    i.Chip_SWM_EnableFixedPin  swm_15xx.o
    0x00000d8c   0x00000024   Code   RO         1801    i.Chip_SWM_MovablePinAssign  swm_15xx.o
    0x00000db0   0x0000000a   Code   RO         2877    i.Chip_SWM_MovablePortPinAssign  board.o
    0x00000dba   0x00000002   PAD
    0x00000dbc   0x00000024   Code   RO         1509    i.Chip_SYSCTL_AssertPeriphReset  sysctl_15xx.o
    0x00000de0   0x00000024   Code   RO         1510    i.Chip_SYSCTL_DeassertPeriphReset  sysctl_15xx.o
    0x00000e04   0x00000012   Code   RO         1979    i.Chip_SYSCTL_PeriphReset  uart_15xx.o
    0x00000e16   0x00000002   PAD
    0x00000e18   0x0000001c   Code   RO         1512    i.Chip_SYSCTL_PowerDown  sysctl_15xx.o
    0x00000e34   0x0000001c   Code   RO         1513    i.Chip_SYSCTL_PowerUp  sysctl_15xx.o
    0x00000e50   0x00000064   Code   RO         1934    i.Chip_SetupXtalClocking  sysinit_15xx.o
    0x00000eb4   0x00000034   Code   RO         1982    i.Chip_UART_Init    uart_15xx.o
    0x00000ee8   0x0000001c   Code   RO         1987    i.Chip_UART_Send    uart_15xx.o
    0x00000f04   0x00000024   Code   RO         1988    i.Chip_UART_SendBlocking  uart_15xx.o
    0x00000f28   0x00000016   Code   RO         1990    i.Chip_UART_SetBaud  uart_15xx.o
    0x00000f3e   0x00000002   PAD
    0x00000f40   0x00000010   Code   RO            4    i.I2C0_IRQHandler   freertos_blinky.o
    0x00000f50   0x00000024   Code   RO          929    i.SysTick_Handler   port.o
    0x00000f74   0x00000010   Code   RO         1845    i.SystemCoreClockUpdate  chip_15xx.o
    0x00000f84   0x00000004   Code   RO          250    i.SystemInit        sysinit.o
    0x00000f88   0x00000004   Code   RO         2879    i._sys_exit         board.o
    0x00000f8c   0x00000030   Code   RO          555    i.eTaskConfirmSleepModeStatus  tasks.o
    0x00000fbc   0x00000006   Code   RO         2881    i.ferror            board.o
    0x00000fc2   0x0000000c   Code   RO         2883    i.fputc             board.o
    0x00000fce   0x00000002   PAD
    0x00000fd0   0x00000020   Code   RO         1993    i.getUARTClockID    uart_15xx.o
    0x00000ff0   0x00000040   Code   RO            5    i.main              freertos_blinky.o
    0x00001030   0x00000058   Code   RO          557    i.prvCheckTasksWaitingTermination  tasks.o
    0x00001088   0x00000024   Code   RO          558    i.prvGetExpectedIdleTime  tasks.o
    0x000010ac   0x00000038   Code   RO          559    i.prvIdleTask       tasks.o
    0x000010e4   0x00000020   Code   RO          561    i.prvResetNextTaskUnblockTime  tasks.o
    0x00001104   0x0000009c   Code   RO            6    i.prvSetupHardware  freertos_blinky.o
    0x000011a0   0x00000006   Code   RO          930    i.prvTaskExitError  port.o
    0x000011a6   0x00000018   Code   RO          898    i.pvPortMalloc      heap_3.o
    0x000011be   0x00000002   PAD
    0x000011c0   0x00000020   Code   RO          931    i.pxPortInitialiseStack  port.o
    0x000011e0   0x00000024   Code   RO          290    i.uxListRemove      list.o
    0x00001204   0x00000004   Code   RO         1107    i.vApplicationIdleHook  freertoscommonhooks.o
    0x00001208   0x00000016   Code   RO          291    i.vListInitialise   list.o
    0x0000121e   0x00000006   Code   RO          292    i.vListInitialiseItem  list.o
    0x00001224   0x00000018   Code   RO          294    i.vListInsertEnd    list.o
    0x0000123c   0x0000001c   Code   RO          933    i.vPortEnterCritical  port.o
    0x00001258   0x00000014   Code   RO          934    i.vPortExitCritical  port.o
    0x0000126c   0x0000001a   Code   RO          899    i.vPortFree         heap_3.o
    0x00001286   0x00000002   PAD
    0x00001288   0x00000044   Code   RO          935    i.vPortSetupTimerInterrupt  port.o
    0x000012cc   0x000000cc   Code   RO          936    i.vPortSuppressTicksAndSleep  port.o
    0x00001398   0x00000018   Code   RO          937    i.vPortYield        port.o
    0x000013b0   0x000000c8   Code   RO            7    i.vReadTemperatureI2CM  freertos_blinky.o
    0x00001478   0x00000048   Code   RO          586    i.vTaskStartScheduler  tasks.o
    0x000014c0   0x00000010   Code   RO          587    i.vTaskStepTick     tasks.o
    0x000014d0   0x00000010   Code   RO          589    i.vTaskSuspendAll   tasks.o
    0x000014e0   0x00000044   Code   RO          590    i.vTaskSwitchContext  tasks.o
    0x00001524   0x00000030   Code   RO          938    i.xPortStartScheduler  port.o
    0x00001554   0x0000017c   Code   RO          592    i.xTaskGenericCreate  tasks.o
    0x000016d0   0x000000b4   Code   RO          598    i.xTaskIncrementTick  tasks.o
    0x00001784   0x000000a0   Code   RO          604    i.xTaskResumeAll    tasks.o
    0x00001824   0x00000004   Data   RO         2884    .constdata          board.o
    0x00001828   0x00000004   Data   RO         2885    .constdata          board.o
    0x0000182c   0x00000015   Data   RO         2886    .constdata          board.o
    0x00001841   0x00000003   PAD
    0x00001844   0x0000007c   Data   RO         3021    .constdata          board_sysinit.o
    0x000018c0   0x00000020   Data   RO         3391    Region$$Table       anon$$obj.o


    Execution Region RW_IRAM1 (Base: 0x02000000, Size: 0x000019c8, Max: 0x00009000, ABSOLUTE)

    Base Addr    Size         Type   Attr      Idx    E Section Name        Object

    0x02000000   0x00000004   Data   RW            9    .data               freertos_blinky.o
    0x02000004   0x00000038   Data   RW          607    .data               tasks.o
    0x0200003c   0x00000010   Data   RW          939    .data               port.o
    0x0200004c   0x00000004   Data   RW         1846    .data               chip_15xx.o
    0x02000050   0x00000004   Data   RW         2887    .data               board.o
    0x02000054   0x00000010   Zero   RW            8    .bss                freertos_blinky.o
    0x02000064   0x00000104   Zero   RW          606    .bss                tasks.o
    0x02000168   0x00000060   Zero   RW         3262    .bss                c_w.l(libspace.o)
    0x020001c8   0x00001000   Zero   RW          241    HEAP                keil_freertos_startup_lpc15xx.o
    0x020011c8   0x00000800   Zero   RW          240    STACK               keil_freertos_startup_lpc15xx.o


==============================================================================

Image component sizes


      Code (inc. data)   RO Data    RW Data    ZI Data      Debug   Object Name

         0          0          0          0          0      14096   adc_15xx.o
       256         22         29          4          0      15924   board.o
       160         16        124          0          0      14369   board_sysinit.o
        16          4          0          4          0        694   chip_15xx.o
       448         76          0          0          0      12590   clock_15xx.o
       436        140          0          4         16      47776   freertos_blinky.o
         4          0          0          0          0        423   freertoscommonhooks.o
        44          0          0          0          0       2941   gpio_15xx.o
        50          0          0          0          0       1095   heap_3.o
        26          0          0          0          0        592   i2c_common_15xx.o
       244          6          0          0          0       7949   i2cm_15xx.o
        34          0          0          0          0       2270   iocon_15xx.o
        60         28        252          0       6144        672   keil_freertos_startup_lpc15xx.o
        88          0          0          0          0       3620   list.o
       628         60          0         16          0       7528   port.o
        68         10          0          0          0       1671   swm_15xx.o
       128         28          0          0          0       9176   sysctl_15xx.o
         4          0          0          0          0       1561   sysinit.o
       128         10          0          0          0      12613   sysinit_15xx.o
      1152        104          0         56        260      11598   tasks.o
       188         18          0          0          0      12184   uart_15xx.o

    ----------------------------------------------------------------------
      4176        522        440         84       6420     181342   Object Totals
         0          0         32          0          0          0   (incl. Generated)
        14          0          3          0          0          0   (incl. Padding)

    ----------------------------------------------------------------------

      Code (inc. data)   RO Data    RW Data    ZI Data      Debug   Library Member Name

         8          0          0          0          0         68   __main.o
       104          0          0          0          0         84   __printf.o
         0          0          0          0          0          0   __rtentry.o
        12          0          0          0          0          0   __rtentry2.o
         6          0          0          0          0          0   __rtentry4.o
        52          8          0          0          0          0   __scatter.o
        26          0          0          0          0          0   __scatter_copy.o
        28          0          0          0          0          0   __scatter_zi.o
        48          6          0          0          0         96   _printf_char_common.o
        36          4          0          0          0         80   _printf_char_file.o
         6          0          0          0          0          0   _printf_d.o
       120         16          0          0          0         92   _printf_dec.o
       178          0          0          0          0         88   _printf_intcommon.o
         0          0          0          0          0          0   _printf_percent.o
         4          0          0          0          0          0   _printf_percent_end.o
        16          0          0          0          0         68   aeabi_memset.o
        10          0          0          0          0         68   defsig_exit.o
        50          0          0          0          0         88   defsig_general.o
        80         58          0          0          0         76   defsig_rtmem_inner.o
        14          0          0          0          0         80   defsig_rtmem_outer.o
        18          0          0          0          0         80   exit.o
        94          0          0          0          0         80   h1_alloc.o
        52          0          0          0          0         68   h1_extend.o
        78          0          0          0          0         80   h1_free.o
        14          0          0          0          0         84   h1_init.o
         6          0          0          0          0        152   heapauxi.o
         4          0          0          0          0        136   hguard.o
         0          0          0          0          0          0   indicate_semi.o
       138          0          0          0          0        168   init_alloc.o
         2          0          0          0          0          0   libinit.o
        10          0          0          0          0          0   libinit2.o
         2          0          0          0          0          0   libshutdown.o
         2          0          0          0          0          0   libshutdown2.o
         8          4          0          0         96         68   libspace.o
       238          0          0          0          0        100   lludivv7m.o
         0          0          0          0          0          0   maybetermalloc1.o
        24          4          0          0          0         84   noretval__2printf.o
         8          4          0          0          0         68   rt_heap_descriptor_intlibspace.o
        68          0          0          0          0         68   rt_memclr.o
        78          0          0          0          0         80   rt_memclr_w.o
         2          0          0          0          0          0   rtexit.o
        10          0          0          0          0          0   rtexit2.o
        74          0          0          0          0         80   sys_stackheap_outer.o
        14          0          0          0          0         76   sys_wrch.o
         2          0          0          0          0         68   use_no_semi.o

    ----------------------------------------------------------------------
      1752        104          0          0         96       2428   Library Totals
         8          0          0          0          0          0   (incl. Padding)

    ----------------------------------------------------------------------

      Code (inc. data)   RO Data    RW Data    ZI Data      Debug   Library Name

      1744        104          0          0         96       2428   c_w.l

    ----------------------------------------------------------------------
      1752        104          0          0         96       2428   Library Totals

    ----------------------------------------------------------------------

==============================================================================


      Code (inc. data)   RO Data    RW Data    ZI Data      Debug   

      5928        626        440         84       6516     178670   Grand Totals
      5928        626        440         84       6516     178670   ELF Image Totals
      5928        626        440         84          0          0   ROM Totals

==============================================================================

    Total RO  Size (Code + RO Data)                 6368 (   6.22kB)
    Total RW  Size (RW Data + ZI Data)              6600 (   6.45kB)
    Total ROM Size (Code + RO Data + RW Data)       6452 (   6.30kB)

==============================================================================

